Archive member included because of file (symbol)

c:/program files (x86)/atmel/atmel toolchain/avr8 gcc/native/3.4.1061/avr8-gnu-toolchain/bin/../lib/gcc/avr/4.8.1/avr5\libgcc.a(_divmodhi4.o)
                              MCAL/PWM/PWM.o (__divmodhi4)
c:/program files (x86)/atmel/atmel toolchain/avr8 gcc/native/3.4.1061/avr8-gnu-toolchain/bin/../lib/gcc/avr/4.8.1/avr5\libgcc.a(_udivmodsi4.o)
                              MCAL/USART/USART.o (__udivmodsi4)
c:/program files (x86)/atmel/atmel toolchain/avr8 gcc/native/3.4.1061/avr8-gnu-toolchain/bin/../lib/gcc/avr/4.8.1/avr5\libgcc.a(_exit.o)
                              c:/program files (x86)/atmel/atmel toolchain/avr8 gcc/native/3.4.1061/avr8-gnu-toolchain/bin/../lib/gcc/avr/4.8.1/../../../../avr/lib/avr5/crtm32.o (exit)
c:/program files (x86)/atmel/atmel toolchain/avr8 gcc/native/3.4.1061/avr8-gnu-toolchain/bin/../lib/gcc/avr/4.8.1/avr5\libgcc.a(_tablejump.o)
                              MCAL/TIMER/TIMER.o (__tablejump2__)
c:/program files (x86)/atmel/atmel toolchain/avr8 gcc/native/3.4.1061/avr8-gnu-toolchain/bin/../lib/gcc/avr/4.8.1/avr5\libgcc.a(_copy_data.o)
                              MCAL/DIO/DIO_Config/DIO_Config.o (__do_copy_data)
c:/program files (x86)/atmel/atmel toolchain/avr8 gcc/native/3.4.1061/avr8-gnu-toolchain/bin/../lib/gcc/avr/4.8.1/avr5\libgcc.a(_clear_bss.o)
                              HAL/Ultrasonic HC-SR04/Ultrasonic_HC_SR04.o (__do_clear_bss)
c:/program files (x86)/atmel/atmel toolchain/avr8 gcc/native/3.4.1061/avr8-gnu-toolchain/bin/../lib/gcc/avr/4.8.1/avr5\libgcc.a(_umulhisi3.o)
                              HAL/Ultrasonic HC-SR04/Ultrasonic_HC_SR04.o (__umulhisi3)
c:/program files (x86)/atmel/atmel toolchain/avr8 gcc/native/3.4.1061/avr8-gnu-toolchain/bin/../lib/gcc/avr/4.8.1/avr5\libgcc.a(_udivmodhi4.o)
                              c:/program files (x86)/atmel/atmel toolchain/avr8 gcc/native/3.4.1061/avr8-gnu-toolchain/bin/../lib/gcc/avr/4.8.1/avr5\libgcc.a(_divmodhi4.o) (__udivmodhi4)

Allocating common symbols
Common symbol       size              file

call_back_fun5      0x2               MCAL/TIMER/TIMER.o
call_back_fun2      0x2               MCAL/TIMER/TIMER.o
call_back_fun1      0x2               MCAL/TIMER/TIMER.o
call_back_fun3      0x2               MCAL/TIMER/TIMER.o
call_back_fun4      0x2               MCAL/TIMER/TIMER.o

Discarded input sections

 .data          0x00000000        0x0 c:/program files (x86)/atmel/atmel toolchain/avr8 gcc/native/3.4.1061/avr8-gnu-toolchain/bin/../lib/gcc/avr/4.8.1/../../../../avr/lib/avr5/crtm32.o
 .bss           0x00000000        0x0 c:/program files (x86)/atmel/atmel toolchain/avr8 gcc/native/3.4.1061/avr8-gnu-toolchain/bin/../lib/gcc/avr/4.8.1/../../../../avr/lib/avr5/crtm32.o
 .text          0x00000000        0x0 HAL/HC-06 Bluetooth Module/HC-06_Bluetooth_Module.o
 .data          0x00000000        0x0 HAL/HC-06 Bluetooth Module/HC-06_Bluetooth_Module.o
 .bss           0x00000000        0x0 HAL/HC-06 Bluetooth Module/HC-06_Bluetooth_Module.o
 .text.Bluetooth_Init
                0x00000000       0x62 HAL/HC-06 Bluetooth Module/HC-06_Bluetooth_Module.o
 .text.Bluetooth_Send
                0x00000000        0x6 HAL/HC-06 Bluetooth Module/HC-06_Bluetooth_Module.o
 .text.Bluetooth_Read
                0x00000000        0x6 HAL/HC-06 Bluetooth Module/HC-06_Bluetooth_Module.o
 .debug_info    0x00000000      0x354 HAL/HC-06 Bluetooth Module/HC-06_Bluetooth_Module.o
 .debug_abbrev  0x00000000      0x124 HAL/HC-06 Bluetooth Module/HC-06_Bluetooth_Module.o
 .debug_loc     0x00000000       0x9c HAL/HC-06 Bluetooth Module/HC-06_Bluetooth_Module.o
 .debug_aranges
                0x00000000       0x30 HAL/HC-06 Bluetooth Module/HC-06_Bluetooth_Module.o
 .debug_ranges  0x00000000       0x20 HAL/HC-06 Bluetooth Module/HC-06_Bluetooth_Module.o
 .debug_line    0x00000000      0x113 HAL/HC-06 Bluetooth Module/HC-06_Bluetooth_Module.o
 .debug_str     0x00000000      0x4a9 HAL/HC-06 Bluetooth Module/HC-06_Bluetooth_Module.o
 .comment       0x00000000       0x31 HAL/HC-06 Bluetooth Module/HC-06_Bluetooth_Module.o
 .debug_frame   0x00000000       0x68 HAL/HC-06 Bluetooth Module/HC-06_Bluetooth_Module.o
 .text          0x00000000        0x0 HAL/MOTOR/Motor.o
 .data          0x00000000        0x0 HAL/MOTOR/Motor.o
 .bss           0x00000000        0x0 HAL/MOTOR/Motor.o
 .text.Motor_move_right
                0x00000000       0x14 HAL/MOTOR/Motor.o
 .text.Motor_move_left
                0x00000000       0x14 HAL/MOTOR/Motor.o
 .text          0x00000000        0x0 HAL/Ultrasonic HC-SR04/Ultrasonic_HC_SR04.o
 .data          0x00000000        0x0 HAL/Ultrasonic HC-SR04/Ultrasonic_HC_SR04.o
 .bss           0x00000000        0x0 HAL/Ultrasonic HC-SR04/Ultrasonic_HC_SR04.o
 .text.Timer_Over_flow_INC.1740
                0x00000000        0xc HAL/Ultrasonic HC-SR04/Ultrasonic_HC_SR04.o
 .text.Ultrasonic_Init
                0x00000000       0x10 HAL/Ultrasonic HC-SR04/Ultrasonic_HC_SR04.o
 .text.Ultrasonic_send_trigger
                0x00000000       0x1a HAL/Ultrasonic HC-SR04/Ultrasonic_HC_SR04.o
 .text.Ultrasonic_Get_Distance
                0x00000000       0x7c HAL/Ultrasonic HC-SR04/Ultrasonic_HC_SR04.o
 .bss.Timer_over_flow
                0x00000000        0x1 HAL/Ultrasonic HC-SR04/Ultrasonic_HC_SR04.o
 .debug_info    0x00000000      0x307 HAL/Ultrasonic HC-SR04/Ultrasonic_HC_SR04.o
 .debug_abbrev  0x00000000      0x1dd HAL/Ultrasonic HC-SR04/Ultrasonic_HC_SR04.o
 .debug_loc     0x00000000       0xc1 HAL/Ultrasonic HC-SR04/Ultrasonic_HC_SR04.o
 .debug_aranges
                0x00000000       0x38 HAL/Ultrasonic HC-SR04/Ultrasonic_HC_SR04.o
 .debug_ranges  0x00000000       0x28 HAL/Ultrasonic HC-SR04/Ultrasonic_HC_SR04.o
 .debug_line    0x00000000      0x2a0 HAL/Ultrasonic HC-SR04/Ultrasonic_HC_SR04.o
 .debug_str     0x00000000      0x3d4 HAL/Ultrasonic HC-SR04/Ultrasonic_HC_SR04.o
 .comment       0x00000000       0x31 HAL/Ultrasonic HC-SR04/Ultrasonic_HC_SR04.o
 .debug_frame   0x00000000       0x74 HAL/Ultrasonic HC-SR04/Ultrasonic_HC_SR04.o
 .text          0x00000000        0x0 MCAL/DIO/DIO_Config/DIO_Config.o
 .data          0x00000000        0x0 MCAL/DIO/DIO_Config/DIO_Config.o
 .bss           0x00000000        0x0 MCAL/DIO/DIO_Config/DIO_Config.o
 .text          0x00000000        0x0 MCAL/DIO/DIO_Source/DIO.o
 .data          0x00000000        0x0 MCAL/DIO/DIO_Source/DIO.o
 .bss           0x00000000        0x0 MCAL/DIO/DIO_Source/DIO.o
 .text.DIO_read
                0x00000000       0xd2 MCAL/DIO/DIO_Source/DIO.o
 .text.DIO_Tog_Channel
                0x00000000       0x90 MCAL/DIO/DIO_Source/DIO.o
 .text          0x00000000        0x0 MCAL/PWM/PWM.o
 .data          0x00000000        0x0 MCAL/PWM/PWM.o
 .bss           0x00000000        0x0 MCAL/PWM/PWM.o
 .text.PWM_SetDutyValue
                0x00000000       0x12 MCAL/PWM/PWM.o
 .text          0x00000000        0x0 MCAL/SPI/SPI.o
 .data          0x00000000        0x0 MCAL/SPI/SPI.o
 .bss           0x00000000        0x0 MCAL/SPI/SPI.o
 .text.SPI_Send_Data
                0x00000000        0x8 MCAL/SPI/SPI.o
 .text.SPI_Send_String
                0x00000000       0x1e MCAL/SPI/SPI.o
 .text.SPI_Read_String
                0x00000000       0x3e MCAL/SPI/SPI.o
 .text          0x00000000        0x0 MCAL/TIMER/TIMER.o
 .data          0x00000000        0x0 MCAL/TIMER/TIMER.o
 .bss           0x00000000        0x0 MCAL/TIMER/TIMER.o
 .text.Timer_GetTimerCounts
                0x00000000       0x16 MCAL/TIMER/TIMER.o
 .text.Timer_Enable_Int
                0x00000000       0x44 MCAL/TIMER/TIMER.o
 .text.Timer_Disable_Int
                0x00000000       0x3e MCAL/TIMER/TIMER.o
 .text.Timer_SetCallBack
                0x00000000       0x42 MCAL/TIMER/TIMER.o
 .text.Timer1_CaptureOn_RisingEdge
                0x00000000       0x1c MCAL/TIMER/TIMER.o
 .text.Timer1_CaptureOn_FallingEdge
                0x00000000       0x1c MCAL/TIMER/TIMER.o
 .text.Timer1_Read_InputCaptureFlag
                0x00000000        0xa MCAL/TIMER/TIMER.o
 .text.Timer1_SetCallBack_OverFlag
                0x00000000        0xa MCAL/TIMER/TIMER.o
 .text.Timer1_Enable_Overflow_Int
                0x00000000        0x8 MCAL/TIMER/TIMER.o
 .text.Timer1_Enable_Normal_operation
                0x00000000        0x4 MCAL/TIMER/TIMER.o
 .text          0x00000000        0x0 MCAL/USART/USART.o
 .data          0x00000000        0x0 MCAL/USART/USART.o
 .bss           0x00000000        0x0 MCAL/USART/USART.o
 .text.USART_Init
                0x00000000      0x206 MCAL/USART/USART.o
 .text.USART_Rx_Error_Detection
                0x00000000       0x30 MCAL/USART/USART.o
 .text.USART_Receive
                0x00000000        0x8 MCAL/USART/USART.o
 .text.USART_Receive_9bit
                0x00000000       0x14 MCAL/USART/USART.o
 .text.USART_Transmit
                0x00000000        0x8 MCAL/USART/USART.o
 .text.USART_Transmit_9Bit
                0x00000000        0xc MCAL/USART/USART.o
 .text.USART_Transmit_String
                0x00000000       0x2a MCAL/USART/USART.o
 .text.USART_Disable
                0x00000000        0x6 MCAL/USART/USART.o
 .debug_info    0x00000000      0x498 MCAL/USART/USART.o
 .debug_abbrev  0x00000000      0x146 MCAL/USART/USART.o
 .debug_loc     0x00000000      0x193 MCAL/USART/USART.o
 .debug_aranges
                0x00000000       0x58 MCAL/USART/USART.o
 .debug_ranges  0x00000000       0x48 MCAL/USART/USART.o
 .debug_line    0x00000000      0x18c MCAL/USART/USART.o
 .debug_str     0x00000000      0x544 MCAL/USART/USART.o
 .comment       0x00000000       0x31 MCAL/USART/USART.o
 .debug_frame   0x00000000       0xc8 MCAL/USART/USART.o
 .text          0x00000000        0x0 Transmitter ECU.o
 .data          0x00000000        0x0 Transmitter ECU.o
 .bss           0x00000000        0x0 Transmitter ECU.o
 .text          0x00000000        0x0 c:/program files (x86)/atmel/atmel toolchain/avr8 gcc/native/3.4.1061/avr8-gnu-toolchain/bin/../lib/gcc/avr/4.8.1/avr5\libgcc.a(_divmodhi4.o)
 .data          0x00000000        0x0 c:/program files (x86)/atmel/atmel toolchain/avr8 gcc/native/3.4.1061/avr8-gnu-toolchain/bin/../lib/gcc/avr/4.8.1/avr5\libgcc.a(_divmodhi4.o)
 .bss           0x00000000        0x0 c:/program files (x86)/atmel/atmel toolchain/avr8 gcc/native/3.4.1061/avr8-gnu-toolchain/bin/../lib/gcc/avr/4.8.1/avr5\libgcc.a(_divmodhi4.o)
 .text.libgcc.mul
                0x00000000        0x0 c:/program files (x86)/atmel/atmel toolchain/avr8 gcc/native/3.4.1061/avr8-gnu-toolchain/bin/../lib/gcc/avr/4.8.1/avr5\libgcc.a(_divmodhi4.o)
 .text.libgcc   0x00000000        0x0 c:/program files (x86)/atmel/atmel toolchain/avr8 gcc/native/3.4.1061/avr8-gnu-toolchain/bin/../lib/gcc/avr/4.8.1/avr5\libgcc.a(_divmodhi4.o)
 .text.libgcc.prologue
                0x00000000        0x0 c:/program files (x86)/atmel/atmel toolchain/avr8 gcc/native/3.4.1061/avr8-gnu-toolchain/bin/../lib/gcc/avr/4.8.1/avr5\libgcc.a(_divmodhi4.o)
 .text.libgcc.builtins
                0x00000000        0x0 c:/program files (x86)/atmel/atmel toolchain/avr8 gcc/native/3.4.1061/avr8-gnu-toolchain/bin/../lib/gcc/avr/4.8.1/avr5\libgcc.a(_divmodhi4.o)
 .text.libgcc.fmul
                0x00000000        0x0 c:/program files (x86)/atmel/atmel toolchain/avr8 gcc/native/3.4.1061/avr8-gnu-toolchain/bin/../lib/gcc/avr/4.8.1/avr5\libgcc.a(_divmodhi4.o)
 .text.libgcc.fixed
                0x00000000        0x0 c:/program files (x86)/atmel/atmel toolchain/avr8 gcc/native/3.4.1061/avr8-gnu-toolchain/bin/../lib/gcc/avr/4.8.1/avr5\libgcc.a(_divmodhi4.o)
 .text          0x00000000        0x0 c:/program files (x86)/atmel/atmel toolchain/avr8 gcc/native/3.4.1061/avr8-gnu-toolchain/bin/../lib/gcc/avr/4.8.1/avr5\libgcc.a(_udivmodsi4.o)
 .data          0x00000000        0x0 c:/program files (x86)/atmel/atmel toolchain/avr8 gcc/native/3.4.1061/avr8-gnu-toolchain/bin/../lib/gcc/avr/4.8.1/avr5\libgcc.a(_udivmodsi4.o)
 .bss           0x00000000        0x0 c:/program files (x86)/atmel/atmel toolchain/avr8 gcc/native/3.4.1061/avr8-gnu-toolchain/bin/../lib/gcc/avr/4.8.1/avr5\libgcc.a(_udivmodsi4.o)
 .text.libgcc.mul
                0x00000000        0x0 c:/program files (x86)/atmel/atmel toolchain/avr8 gcc/native/3.4.1061/avr8-gnu-toolchain/bin/../lib/gcc/avr/4.8.1/avr5\libgcc.a(_udivmodsi4.o)
 .text.libgcc.div
                0x00000000       0x44 c:/program files (x86)/atmel/atmel toolchain/avr8 gcc/native/3.4.1061/avr8-gnu-toolchain/bin/../lib/gcc/avr/4.8.1/avr5\libgcc.a(_udivmodsi4.o)
 .text.libgcc   0x00000000        0x0 c:/program files (x86)/atmel/atmel toolchain/avr8 gcc/native/3.4.1061/avr8-gnu-toolchain/bin/../lib/gcc/avr/4.8.1/avr5\libgcc.a(_udivmodsi4.o)
 .text.libgcc.prologue
                0x00000000        0x0 c:/program files (x86)/atmel/atmel toolchain/avr8 gcc/native/3.4.1061/avr8-gnu-toolchain/bin/../lib/gcc/avr/4.8.1/avr5\libgcc.a(_udivmodsi4.o)
 .text.libgcc.builtins
                0x00000000        0x0 c:/program files (x86)/atmel/atmel toolchain/avr8 gcc/native/3.4.1061/avr8-gnu-toolchain/bin/../lib/gcc/avr/4.8.1/avr5\libgcc.a(_udivmodsi4.o)
 .text.libgcc.fmul
                0x00000000        0x0 c:/program files (x86)/atmel/atmel toolchain/avr8 gcc/native/3.4.1061/avr8-gnu-toolchain/bin/../lib/gcc/avr/4.8.1/avr5\libgcc.a(_udivmodsi4.o)
 .text.libgcc.fixed
                0x00000000        0x0 c:/program files (x86)/atmel/atmel toolchain/avr8 gcc/native/3.4.1061/avr8-gnu-toolchain/bin/../lib/gcc/avr/4.8.1/avr5\libgcc.a(_udivmodsi4.o)
 .text          0x00000000        0x0 c:/program files (x86)/atmel/atmel toolchain/avr8 gcc/native/3.4.1061/avr8-gnu-toolchain/bin/../lib/gcc/avr/4.8.1/avr5\libgcc.a(_exit.o)
 .data          0x00000000        0x0 c:/program files (x86)/atmel/atmel toolchain/avr8 gcc/native/3.4.1061/avr8-gnu-toolchain/bin/../lib/gcc/avr/4.8.1/avr5\libgcc.a(_exit.o)
 .bss           0x00000000        0x0 c:/program files (x86)/atmel/atmel toolchain/avr8 gcc/native/3.4.1061/avr8-gnu-toolchain/bin/../lib/gcc/avr/4.8.1/avr5\libgcc.a(_exit.o)
 .text.libgcc.mul
                0x00000000        0x0 c:/program files (x86)/atmel/atmel toolchain/avr8 gcc/native/3.4.1061/avr8-gnu-toolchain/bin/../lib/gcc/avr/4.8.1/avr5\libgcc.a(_exit.o)
 .text.libgcc.div
                0x00000000        0x0 c:/program files (x86)/atmel/atmel toolchain/avr8 gcc/native/3.4.1061/avr8-gnu-toolchain/bin/../lib/gcc/avr/4.8.1/avr5\libgcc.a(_exit.o)
 .text.libgcc   0x00000000        0x0 c:/program files (x86)/atmel/atmel toolchain/avr8 gcc/native/3.4.1061/avr8-gnu-toolchain/bin/../lib/gcc/avr/4.8.1/avr5\libgcc.a(_exit.o)
 .text.libgcc.prologue
                0x00000000        0x0 c:/program files (x86)/atmel/atmel toolchain/avr8 gcc/native/3.4.1061/avr8-gnu-toolchain/bin/../lib/gcc/avr/4.8.1/avr5\libgcc.a(_exit.o)
 .text.libgcc.builtins
                0x00000000        0x0 c:/program files (x86)/atmel/atmel toolchain/avr8 gcc/native/3.4.1061/avr8-gnu-toolchain/bin/../lib/gcc/avr/4.8.1/avr5\libgcc.a(_exit.o)
 .text.libgcc.fmul
                0x00000000        0x0 c:/program files (x86)/atmel/atmel toolchain/avr8 gcc/native/3.4.1061/avr8-gnu-toolchain/bin/../lib/gcc/avr/4.8.1/avr5\libgcc.a(_exit.o)
 .text.libgcc.fixed
                0x00000000        0x0 c:/program files (x86)/atmel/atmel toolchain/avr8 gcc/native/3.4.1061/avr8-gnu-toolchain/bin/../lib/gcc/avr/4.8.1/avr5\libgcc.a(_exit.o)
 .text          0x00000000        0x0 c:/program files (x86)/atmel/atmel toolchain/avr8 gcc/native/3.4.1061/avr8-gnu-toolchain/bin/../lib/gcc/avr/4.8.1/avr5\libgcc.a(_tablejump.o)
 .data          0x00000000        0x0 c:/program files (x86)/atmel/atmel toolchain/avr8 gcc/native/3.4.1061/avr8-gnu-toolchain/bin/../lib/gcc/avr/4.8.1/avr5\libgcc.a(_tablejump.o)
 .bss           0x00000000        0x0 c:/program files (x86)/atmel/atmel toolchain/avr8 gcc/native/3.4.1061/avr8-gnu-toolchain/bin/../lib/gcc/avr/4.8.1/avr5\libgcc.a(_tablejump.o)
 .text.libgcc.mul
                0x00000000        0x0 c:/program files (x86)/atmel/atmel toolchain/avr8 gcc/native/3.4.1061/avr8-gnu-toolchain/bin/../lib/gcc/avr/4.8.1/avr5\libgcc.a(_tablejump.o)
 .text.libgcc.div
                0x00000000        0x0 c:/program files (x86)/atmel/atmel toolchain/avr8 gcc/native/3.4.1061/avr8-gnu-toolchain/bin/../lib/gcc/avr/4.8.1/avr5\libgcc.a(_tablejump.o)
 .text.libgcc.prologue
                0x00000000        0x0 c:/program files (x86)/atmel/atmel toolchain/avr8 gcc/native/3.4.1061/avr8-gnu-toolchain/bin/../lib/gcc/avr/4.8.1/avr5\libgcc.a(_tablejump.o)
 .text.libgcc.builtins
                0x00000000        0x0 c:/program files (x86)/atmel/atmel toolchain/avr8 gcc/native/3.4.1061/avr8-gnu-toolchain/bin/../lib/gcc/avr/4.8.1/avr5\libgcc.a(_tablejump.o)
 .text.libgcc.fmul
                0x00000000        0x0 c:/program files (x86)/atmel/atmel toolchain/avr8 gcc/native/3.4.1061/avr8-gnu-toolchain/bin/../lib/gcc/avr/4.8.1/avr5\libgcc.a(_tablejump.o)
 .text.libgcc.fixed
                0x00000000        0x0 c:/program files (x86)/atmel/atmel toolchain/avr8 gcc/native/3.4.1061/avr8-gnu-toolchain/bin/../lib/gcc/avr/4.8.1/avr5\libgcc.a(_tablejump.o)
 .text          0x00000000        0x0 c:/program files (x86)/atmel/atmel toolchain/avr8 gcc/native/3.4.1061/avr8-gnu-toolchain/bin/../lib/gcc/avr/4.8.1/avr5\libgcc.a(_copy_data.o)
 .data          0x00000000        0x0 c:/program files (x86)/atmel/atmel toolchain/avr8 gcc/native/3.4.1061/avr8-gnu-toolchain/bin/../lib/gcc/avr/4.8.1/avr5\libgcc.a(_copy_data.o)
 .bss           0x00000000        0x0 c:/program files (x86)/atmel/atmel toolchain/avr8 gcc/native/3.4.1061/avr8-gnu-toolchain/bin/../lib/gcc/avr/4.8.1/avr5\libgcc.a(_copy_data.o)
 .text.libgcc.mul
                0x00000000        0x0 c:/program files (x86)/atmel/atmel toolchain/avr8 gcc/native/3.4.1061/avr8-gnu-toolchain/bin/../lib/gcc/avr/4.8.1/avr5\libgcc.a(_copy_data.o)
 .text.libgcc.div
                0x00000000        0x0 c:/program files (x86)/atmel/atmel toolchain/avr8 gcc/native/3.4.1061/avr8-gnu-toolchain/bin/../lib/gcc/avr/4.8.1/avr5\libgcc.a(_copy_data.o)
 .text.libgcc   0x00000000        0x0 c:/program files (x86)/atmel/atmel toolchain/avr8 gcc/native/3.4.1061/avr8-gnu-toolchain/bin/../lib/gcc/avr/4.8.1/avr5\libgcc.a(_copy_data.o)
 .text.libgcc.prologue
                0x00000000        0x0 c:/program files (x86)/atmel/atmel toolchain/avr8 gcc/native/3.4.1061/avr8-gnu-toolchain/bin/../lib/gcc/avr/4.8.1/avr5\libgcc.a(_copy_data.o)
 .text.libgcc.builtins
                0x00000000        0x0 c:/program files (x86)/atmel/atmel toolchain/avr8 gcc/native/3.4.1061/avr8-gnu-toolchain/bin/../lib/gcc/avr/4.8.1/avr5\libgcc.a(_copy_data.o)
 .text.libgcc.fmul
                0x00000000        0x0 c:/program files (x86)/atmel/atmel toolchain/avr8 gcc/native/3.4.1061/avr8-gnu-toolchain/bin/../lib/gcc/avr/4.8.1/avr5\libgcc.a(_copy_data.o)
 .text.libgcc.fixed
                0x00000000        0x0 c:/program files (x86)/atmel/atmel toolchain/avr8 gcc/native/3.4.1061/avr8-gnu-toolchain/bin/../lib/gcc/avr/4.8.1/avr5\libgcc.a(_copy_data.o)
 .text          0x00000000        0x0 c:/program files (x86)/atmel/atmel toolchain/avr8 gcc/native/3.4.1061/avr8-gnu-toolchain/bin/../lib/gcc/avr/4.8.1/avr5\libgcc.a(_clear_bss.o)
 .data          0x00000000        0x0 c:/program files (x86)/atmel/atmel toolchain/avr8 gcc/native/3.4.1061/avr8-gnu-toolchain/bin/../lib/gcc/avr/4.8.1/avr5\libgcc.a(_clear_bss.o)
 .bss           0x00000000        0x0 c:/program files (x86)/atmel/atmel toolchain/avr8 gcc/native/3.4.1061/avr8-gnu-toolchain/bin/../lib/gcc/avr/4.8.1/avr5\libgcc.a(_clear_bss.o)
 .text.libgcc.mul
                0x00000000        0x0 c:/program files (x86)/atmel/atmel toolchain/avr8 gcc/native/3.4.1061/avr8-gnu-toolchain/bin/../lib/gcc/avr/4.8.1/avr5\libgcc.a(_clear_bss.o)
 .text.libgcc.div
                0x00000000        0x0 c:/program files (x86)/atmel/atmel toolchain/avr8 gcc/native/3.4.1061/avr8-gnu-toolchain/bin/../lib/gcc/avr/4.8.1/avr5\libgcc.a(_clear_bss.o)
 .text.libgcc   0x00000000        0x0 c:/program files (x86)/atmel/atmel toolchain/avr8 gcc/native/3.4.1061/avr8-gnu-toolchain/bin/../lib/gcc/avr/4.8.1/avr5\libgcc.a(_clear_bss.o)
 .text.libgcc.prologue
                0x00000000        0x0 c:/program files (x86)/atmel/atmel toolchain/avr8 gcc/native/3.4.1061/avr8-gnu-toolchain/bin/../lib/gcc/avr/4.8.1/avr5\libgcc.a(_clear_bss.o)
 .text.libgcc.builtins
                0x00000000        0x0 c:/program files (x86)/atmel/atmel toolchain/avr8 gcc/native/3.4.1061/avr8-gnu-toolchain/bin/../lib/gcc/avr/4.8.1/avr5\libgcc.a(_clear_bss.o)
 .text.libgcc.fmul
                0x00000000        0x0 c:/program files (x86)/atmel/atmel toolchain/avr8 gcc/native/3.4.1061/avr8-gnu-toolchain/bin/../lib/gcc/avr/4.8.1/avr5\libgcc.a(_clear_bss.o)
 .text.libgcc.fixed
                0x00000000        0x0 c:/program files (x86)/atmel/atmel toolchain/avr8 gcc/native/3.4.1061/avr8-gnu-toolchain/bin/../lib/gcc/avr/4.8.1/avr5\libgcc.a(_clear_bss.o)
 .text          0x00000000        0x0 c:/program files (x86)/atmel/atmel toolchain/avr8 gcc/native/3.4.1061/avr8-gnu-toolchain/bin/../lib/gcc/avr/4.8.1/avr5\libgcc.a(_umulhisi3.o)
 .data          0x00000000        0x0 c:/program files (x86)/atmel/atmel toolchain/avr8 gcc/native/3.4.1061/avr8-gnu-toolchain/bin/../lib/gcc/avr/4.8.1/avr5\libgcc.a(_umulhisi3.o)
 .bss           0x00000000        0x0 c:/program files (x86)/atmel/atmel toolchain/avr8 gcc/native/3.4.1061/avr8-gnu-toolchain/bin/../lib/gcc/avr/4.8.1/avr5\libgcc.a(_umulhisi3.o)
 .text.libgcc.mul
                0x00000000       0x1e c:/program files (x86)/atmel/atmel toolchain/avr8 gcc/native/3.4.1061/avr8-gnu-toolchain/bin/../lib/gcc/avr/4.8.1/avr5\libgcc.a(_umulhisi3.o)
 .text.libgcc.div
                0x00000000        0x0 c:/program files (x86)/atmel/atmel toolchain/avr8 gcc/native/3.4.1061/avr8-gnu-toolchain/bin/../lib/gcc/avr/4.8.1/avr5\libgcc.a(_umulhisi3.o)
 .text.libgcc   0x00000000        0x0 c:/program files (x86)/atmel/atmel toolchain/avr8 gcc/native/3.4.1061/avr8-gnu-toolchain/bin/../lib/gcc/avr/4.8.1/avr5\libgcc.a(_umulhisi3.o)
 .text.libgcc.prologue
                0x00000000        0x0 c:/program files (x86)/atmel/atmel toolchain/avr8 gcc/native/3.4.1061/avr8-gnu-toolchain/bin/../lib/gcc/avr/4.8.1/avr5\libgcc.a(_umulhisi3.o)
 .text.libgcc.builtins
                0x00000000        0x0 c:/program files (x86)/atmel/atmel toolchain/avr8 gcc/native/3.4.1061/avr8-gnu-toolchain/bin/../lib/gcc/avr/4.8.1/avr5\libgcc.a(_umulhisi3.o)
 .text.libgcc.fmul
                0x00000000        0x0 c:/program files (x86)/atmel/atmel toolchain/avr8 gcc/native/3.4.1061/avr8-gnu-toolchain/bin/../lib/gcc/avr/4.8.1/avr5\libgcc.a(_umulhisi3.o)
 .text.libgcc.fixed
                0x00000000        0x0 c:/program files (x86)/atmel/atmel toolchain/avr8 gcc/native/3.4.1061/avr8-gnu-toolchain/bin/../lib/gcc/avr/4.8.1/avr5\libgcc.a(_umulhisi3.o)
 .text          0x00000000        0x0 c:/program files (x86)/atmel/atmel toolchain/avr8 gcc/native/3.4.1061/avr8-gnu-toolchain/bin/../lib/gcc/avr/4.8.1/avr5\libgcc.a(_udivmodhi4.o)
 .data          0x00000000        0x0 c:/program files (x86)/atmel/atmel toolchain/avr8 gcc/native/3.4.1061/avr8-gnu-toolchain/bin/../lib/gcc/avr/4.8.1/avr5\libgcc.a(_udivmodhi4.o)
 .bss           0x00000000        0x0 c:/program files (x86)/atmel/atmel toolchain/avr8 gcc/native/3.4.1061/avr8-gnu-toolchain/bin/../lib/gcc/avr/4.8.1/avr5\libgcc.a(_udivmodhi4.o)
 .text.libgcc.mul
                0x00000000        0x0 c:/program files (x86)/atmel/atmel toolchain/avr8 gcc/native/3.4.1061/avr8-gnu-toolchain/bin/../lib/gcc/avr/4.8.1/avr5\libgcc.a(_udivmodhi4.o)
 .text.libgcc   0x00000000        0x0 c:/program files (x86)/atmel/atmel toolchain/avr8 gcc/native/3.4.1061/avr8-gnu-toolchain/bin/../lib/gcc/avr/4.8.1/avr5\libgcc.a(_udivmodhi4.o)
 .text.libgcc.prologue
                0x00000000        0x0 c:/program files (x86)/atmel/atmel toolchain/avr8 gcc/native/3.4.1061/avr8-gnu-toolchain/bin/../lib/gcc/avr/4.8.1/avr5\libgcc.a(_udivmodhi4.o)
 .text.libgcc.builtins
                0x00000000        0x0 c:/program files (x86)/atmel/atmel toolchain/avr8 gcc/native/3.4.1061/avr8-gnu-toolchain/bin/../lib/gcc/avr/4.8.1/avr5\libgcc.a(_udivmodhi4.o)
 .text.libgcc.fmul
                0x00000000        0x0 c:/program files (x86)/atmel/atmel toolchain/avr8 gcc/native/3.4.1061/avr8-gnu-toolchain/bin/../lib/gcc/avr/4.8.1/avr5\libgcc.a(_udivmodhi4.o)
 .text.libgcc.fixed
                0x00000000        0x0 c:/program files (x86)/atmel/atmel toolchain/avr8 gcc/native/3.4.1061/avr8-gnu-toolchain/bin/../lib/gcc/avr/4.8.1/avr5\libgcc.a(_udivmodhi4.o)

Memory Configuration

Name             Origin             Length             Attributes
text             0x00000000         0x00020000         xr
data             0x00800060         0x0000ffa0         rw !x
eeprom           0x00810000         0x00010000         rw !x
fuse             0x00820000         0x00000400         rw !x
lock             0x00830000         0x00000400         rw !x
signature        0x00840000         0x00000400         rw !x
user_signatures  0x00850000         0x00000400         rw !x
*default*        0x00000000         0xffffffff

Linker script and memory map

LOAD c:/program files (x86)/atmel/atmel toolchain/avr8 gcc/native/3.4.1061/avr8-gnu-toolchain/bin/../lib/gcc/avr/4.8.1/../../../../avr/lib/avr5/crtm32.o
LOAD HAL/HC-06 Bluetooth Module/HC-06_Bluetooth_Module.o
LOAD HAL/MOTOR/Motor.o
LOAD HAL/Ultrasonic HC-SR04/Ultrasonic_HC_SR04.o
LOAD MCAL/DIO/DIO_Config/DIO_Config.o
LOAD MCAL/DIO/DIO_Source/DIO.o
LOAD MCAL/PWM/PWM.o
LOAD MCAL/SPI/SPI.o
LOAD MCAL/TIMER/TIMER.o
LOAD MCAL/USART/USART.o
LOAD Transmitter ECU.o
START GROUP
LOAD c:/program files (x86)/atmel/atmel toolchain/avr8 gcc/native/3.4.1061/avr8-gnu-toolchain/bin/../lib/gcc/avr/4.8.1/../../../../avr/lib/avr5\libm.a
END GROUP
START GROUP
LOAD c:/program files (x86)/atmel/atmel toolchain/avr8 gcc/native/3.4.1061/avr8-gnu-toolchain/bin/../lib/gcc/avr/4.8.1/avr5\libgcc.a
LOAD c:/program files (x86)/atmel/atmel toolchain/avr8 gcc/native/3.4.1061/avr8-gnu-toolchain/bin/../lib/gcc/avr/4.8.1/../../../../avr/lib/avr5\libm.a
LOAD c:/program files (x86)/atmel/atmel toolchain/avr8 gcc/native/3.4.1061/avr8-gnu-toolchain/bin/../lib/gcc/avr/4.8.1/../../../../avr/lib/avr5\libc.a
END GROUP

.hash
 *(.hash)

.dynsym
 *(.dynsym)

.dynstr
 *(.dynstr)

.gnu.version
 *(.gnu.version)

.gnu.version_d
 *(.gnu.version_d)

.gnu.version_r
 *(.gnu.version_r)

.rel.init
 *(.rel.init)

.rela.init
 *(.rela.init)

.rel.text
 *(.rel.text)
 *(.rel.text.*)
 *(.rel.gnu.linkonce.t*)

.rela.text
 *(.rela.text)
 *(.rela.text.*)
 *(.rela.gnu.linkonce.t*)

.rel.fini
 *(.rel.fini)

.rela.fini
 *(.rela.fini)

.rel.rodata
 *(.rel.rodata)
 *(.rel.rodata.*)
 *(.rel.gnu.linkonce.r*)

.rela.rodata
 *(.rela.rodata)
 *(.rela.rodata.*)
 *(.rela.gnu.linkonce.r*)

.rel.data
 *(.rel.data)
 *(.rel.data.*)
 *(.rel.gnu.linkonce.d*)

.rela.data
 *(.rela.data)
 *(.rela.data.*)
 *(.rela.gnu.linkonce.d*)

.rel.ctors
 *(.rel.ctors)

.rela.ctors
 *(.rela.ctors)

.rel.dtors
 *(.rel.dtors)

.rela.dtors
 *(.rela.dtors)

.rel.got
 *(.rel.got)

.rela.got
 *(.rela.got)

.rel.bss
 *(.rel.bss)

.rela.bss
 *(.rela.bss)

.rel.plt
 *(.rel.plt)

.rela.plt
 *(.rela.plt)

.text           0x00000000      0xbdc
 *(.vectors)
 .vectors       0x00000000       0x54 c:/program files (x86)/atmel/atmel toolchain/avr8 gcc/native/3.4.1061/avr8-gnu-toolchain/bin/../lib/gcc/avr/4.8.1/../../../../avr/lib/avr5/crtm32.o
                0x00000000                __vector_default
                0x00000000                __vectors
 *(.vectors)
 *(.progmem.gcc*)
 .progmem.gcc_sw_table.Timer_Set_Prescaler
                0x00000054       0x24 MCAL/TIMER/TIMER.o
 .progmem.gcc_sw_table.main
                0x00000078        0xe Transmitter ECU.o
                0x00000086                . = ALIGN (0x2)
                0x00000086                __trampolines_start = .
 *(.trampolines)
 .trampolines   0x00000086        0x0 linker stubs
 *(.trampolines*)
                0x00000086                __trampolines_end = .
 *(.progmem*)
                0x00000086                . = ALIGN (0x2)
 *(.jumptables)
 *(.jumptables*)
 *(.lowtext)
 *(.lowtext*)
                0x00000086                __ctors_start = .
 *(.ctors)
                0x00000086                __ctors_end = .
                0x00000086                __dtors_start = .
 *(.dtors)
                0x00000086                __dtors_end = .
 SORT(*)(.ctors)
 SORT(*)(.dtors)
 *(.init0)
 .init0         0x00000086        0x0 c:/program files (x86)/atmel/atmel toolchain/avr8 gcc/native/3.4.1061/avr8-gnu-toolchain/bin/../lib/gcc/avr/4.8.1/../../../../avr/lib/avr5/crtm32.o
                0x00000086                __init
 *(.init0)
 *(.init1)
 *(.init1)
 *(.init2)
 .init2         0x00000086        0xc c:/program files (x86)/atmel/atmel toolchain/avr8 gcc/native/3.4.1061/avr8-gnu-toolchain/bin/../lib/gcc/avr/4.8.1/../../../../avr/lib/avr5/crtm32.o
 *(.init2)
 *(.init3)
 *(.init3)
 *(.init4)
 .init4         0x00000092       0x16 c:/program files (x86)/atmel/atmel toolchain/avr8 gcc/native/3.4.1061/avr8-gnu-toolchain/bin/../lib/gcc/avr/4.8.1/avr5\libgcc.a(_copy_data.o)
                0x00000092                __do_copy_data
 .init4         0x000000a8       0x10 c:/program files (x86)/atmel/atmel toolchain/avr8 gcc/native/3.4.1061/avr8-gnu-toolchain/bin/../lib/gcc/avr/4.8.1/avr5\libgcc.a(_clear_bss.o)
                0x000000a8                __do_clear_bss
 *(.init4)
 *(.init5)
 *(.init5)
 *(.init6)
 *(.init6)
 *(.init7)
 *(.init7)
 *(.init8)
 *(.init8)
 *(.init9)
 .init9         0x000000b8        0x8 c:/program files (x86)/atmel/atmel toolchain/avr8 gcc/native/3.4.1061/avr8-gnu-toolchain/bin/../lib/gcc/avr/4.8.1/../../../../avr/lib/avr5/crtm32.o
 *(.init9)
 *(.text)
 .text          0x000000c0        0x4 c:/program files (x86)/atmel/atmel toolchain/avr8 gcc/native/3.4.1061/avr8-gnu-toolchain/bin/../lib/gcc/avr/4.8.1/../../../../avr/lib/avr5/crtm32.o
                0x000000c0                __vector_1
                0x000000c0                __vector_12
                0x000000c0                __bad_interrupt
                0x000000c0                __vector_6
                0x000000c0                __vector_3
                0x000000c0                __vector_13
                0x000000c0                __vector_17
                0x000000c0                __vector_19
                0x000000c0                __vector_7
                0x000000c0                __vector_2
                0x000000c0                __vector_15
                0x000000c0                __vector_8
                0x000000c0                __vector_14
                0x000000c0                __vector_16
                0x000000c0                __vector_18
                0x000000c0                __vector_20
                0x000000c4                . = ALIGN (0x2)
 *(.text.*)
 .text.Motor_Init
                0x000000c4        0xe HAL/MOTOR/Motor.o
                0x000000c4                Motor_Init
 .text.Motor_move_forward
                0x000000d2       0x1a HAL/MOTOR/Motor.o
                0x000000d2                Motor_move_forward
 .text.Motor_move_backward
                0x000000ec       0x1a HAL/MOTOR/Motor.o
                0x000000ec                Motor_move_backward
 .text.Motor_set_speed_left
                0x00000106        0x8 HAL/MOTOR/Motor.o
                0x00000106                Motor_set_speed_left
 .text.Motor_set_speed_right
                0x0000010e        0x8 HAL/MOTOR/Motor.o
                0x0000010e                Motor_set_speed_right
 .text.Motor_stop
                0x00000116        0xe HAL/MOTOR/Motor.o
                0x00000116                Motor_stop
 .text.DIO_set_dir
                0x00000124      0x112 MCAL/DIO/DIO_Source/DIO.o
                0x00000124                DIO_set_dir
 .text.DIO_Write
                0x00000236      0x10a MCAL/DIO/DIO_Source/DIO.o
                0x00000236                DIO_Write
 .text.DIO_pullup
                0x00000340      0x110 MCAL/DIO/DIO_Source/DIO.o
                0x00000340                DIO_pullup
 .text.DIO_Init
                0x00000450       0x3c MCAL/DIO/DIO_Source/DIO.o
                0x00000450                DIO_Init
 .text.DIO_Set_Channel
                0x0000048c       0x90 MCAL/DIO/DIO_Source/DIO.o
                0x0000048c                DIO_Set_Channel
 .text.DIO_Clr_Channel
                0x0000051c       0x98 MCAL/DIO/DIO_Source/DIO.o
                0x0000051c                DIO_Clr_Channel
 .text.PWM_init
                0x000005b4       0x42 MCAL/PWM/PWM.o
                0x000005b4                PWM_init
 .text.PWM_SetDutyCycle
                0x000005f6       0x24 MCAL/PWM/PWM.o
                0x000005f6                PWM_SetDutyCycle
 .text.SPI_Init
                0x0000061a       0x26 MCAL/SPI/SPI.o
                0x0000061a                SPI_Init
 .text.SPI_Read_Data
                0x00000640        0x8 MCAL/SPI/SPI.o
                0x00000640                SPI_Read_Data
 .text.Timer_Set_Mode
                0x00000648       0x9a MCAL/TIMER/TIMER.o
                0x00000648                Timer_Set_Mode
 .text.Timer_Set_COM
                0x000006e2       0xa6 MCAL/TIMER/TIMER.o
                0x000006e2                Timer_Set_COM
 .text.Timer_Set_Prescaler
                0x00000788      0x178 MCAL/TIMER/TIMER.o
                0x00000788                Timer_Set_Prescaler
 .text.Timer_init
                0x00000900       0x28 MCAL/TIMER/TIMER.o
                0x00000900                Timer_init
 .text.Timer_SetTimerStartValue
                0x00000928       0x12 MCAL/TIMER/TIMER.o
                0x00000928                Timer_SetTimerStartValue
 .text.Timer_Disable
                0x0000093a       0x12 MCAL/TIMER/TIMER.o
                0x0000093a                Timer_Disable
 .text.__vector_10
                0x0000094c       0x4e MCAL/TIMER/TIMER.o
                0x0000094c                __vector_10
 .text.__vector_11
                0x0000099a       0x4e MCAL/TIMER/TIMER.o
                0x0000099a                __vector_11
 .text.__vector_9
                0x000009e8       0x4e MCAL/TIMER/TIMER.o
                0x000009e8                __vector_9
 .text.__vector_4
                0x00000a36       0x4e MCAL/TIMER/TIMER.o
                0x00000a36                __vector_4
 .text.__vector_5
                0x00000a84       0x4e MCAL/TIMER/TIMER.o
                0x00000a84                __vector_5
 .text.main     0x00000ad2       0xaa Transmitter ECU.o
                0x00000ad2                main
 .text.libgcc.div
                0x00000b7c       0x28 c:/program files (x86)/atmel/atmel toolchain/avr8 gcc/native/3.4.1061/avr8-gnu-toolchain/bin/../lib/gcc/avr/4.8.1/avr5\libgcc.a(_divmodhi4.o)
                0x00000b7c                _div
                0x00000b7c                __divmodhi4
 .text.libgcc   0x00000ba4        0xc c:/program files (x86)/atmel/atmel toolchain/avr8 gcc/native/3.4.1061/avr8-gnu-toolchain/bin/../lib/gcc/avr/4.8.1/avr5\libgcc.a(_tablejump.o)
                0x00000ba4                __tablejump2__
                0x00000ba8                __tablejump__
 .text.libgcc.div
                0x00000bb0       0x28 c:/program files (x86)/atmel/atmel toolchain/avr8 gcc/native/3.4.1061/avr8-gnu-toolchain/bin/../lib/gcc/avr/4.8.1/avr5\libgcc.a(_udivmodhi4.o)
                0x00000bb0                __udivmodhi4
                0x00000bd8                . = ALIGN (0x2)
 *(.fini9)
 .fini9         0x00000bd8        0x0 c:/program files (x86)/atmel/atmel toolchain/avr8 gcc/native/3.4.1061/avr8-gnu-toolchain/bin/../lib/gcc/avr/4.8.1/avr5\libgcc.a(_exit.o)
                0x00000bd8                _exit
                0x00000bd8                exit
 *(.fini9)
 *(.fini8)
 *(.fini8)
 *(.fini7)
 *(.fini7)
 *(.fini6)
 *(.fini6)
 *(.fini5)
 *(.fini5)
 *(.fini4)
 *(.fini4)
 *(.fini3)
 *(.fini3)
 *(.fini2)
 *(.fini2)
 *(.fini1)
 *(.fini1)
 *(.fini0)
 .fini0         0x00000bd8        0x4 c:/program files (x86)/atmel/atmel toolchain/avr8 gcc/native/3.4.1061/avr8-gnu-toolchain/bin/../lib/gcc/avr/4.8.1/avr5\libgcc.a(_exit.o)
 *(.fini0)
                0x00000bdc                _etext = .

.data           0x00800060       0x2e load address 0x00000bdc
                0x00800060                PROVIDE (__data_start, .)
 *(.data)
 *(.data*)
 .data.DIO_CONFIG_ARR
                0x00800060       0x2d MCAL/DIO/DIO_Config/DIO_Config.o
                0x00800060                DIO_CONFIG_ARR
 *(.rodata)
 *(.rodata*)
 *(.gnu.linkonce.d*)
                0x0080008e                . = ALIGN (0x2)
 *fill*         0x0080008d        0x1 
                0x0080008e                _edata = .
                0x0080008e                PROVIDE (__data_end, .)

.bss            0x0080008e        0xa
                0x0080008e                PROVIDE (__bss_start, .)
 *(.bss)
 *(.bss*)
 *(COMMON)
 COMMON         0x0080008e        0xa MCAL/TIMER/TIMER.o
                0x0080008e                call_back_fun5
                0x00800090                call_back_fun2
                0x00800092                call_back_fun1
                0x00800094                call_back_fun3
                0x00800096                call_back_fun4
                0x00800098                PROVIDE (__bss_end, .)
                0x00000bdc                __data_load_start = LOADADDR (.data)
                0x00000c0a                __data_load_end = (__data_load_start + SIZEOF (.data))

.noinit         0x00800098        0x0
                0x00800098                PROVIDE (__noinit_start, .)
 *(.noinit*)
                0x00800098                PROVIDE (__noinit_end, .)
                0x00800098                _end = .
                0x00800098                PROVIDE (__heap_start, .)

.eeprom         0x00810000        0x0
 *(.eeprom*)
                0x00810000                __eeprom_end = .

.fuse
 *(.fuse)
 *(.lfuse)
 *(.hfuse)
 *(.efuse)

.lock
 *(.lock*)

.signature
 *(.signature*)

.user_signatures
 *(.user_signatures*)

.stab
 *(.stab)

.stabstr
 *(.stabstr)

.stab.excl
 *(.stab.excl)

.stab.exclstr
 *(.stab.exclstr)

.stab.index
 *(.stab.index)

.stab.indexstr
 *(.stab.indexstr)

.comment        0x00000000       0x30
 *(.comment)
 .comment       0x00000000       0x30 HAL/MOTOR/Motor.o
                                 0x31 (size before relaxing)
 .comment       0x00000000       0x31 MCAL/DIO/DIO_Config/DIO_Config.o
 .comment       0x00000000       0x31 MCAL/DIO/DIO_Source/DIO.o
 .comment       0x00000000       0x31 MCAL/PWM/PWM.o
 .comment       0x00000000       0x31 MCAL/SPI/SPI.o
 .comment       0x00000000       0x31 MCAL/TIMER/TIMER.o
 .comment       0x00000000       0x31 Transmitter ECU.o

.note.gnu.build-id
 *(.note.gnu.build-id)

.debug
 *(.debug)

.line
 *(.line)

.debug_srcinfo
 *(.debug_srcinfo)

.debug_sfnames
 *(.debug_sfnames)

.debug_aranges  0x00000000      0x218
 *(.debug_aranges)
 .debug_aranges
                0x00000000       0x58 HAL/MOTOR/Motor.o
 .debug_aranges
                0x00000058       0x18 MCAL/DIO/DIO_Config/DIO_Config.o
 .debug_aranges
                0x00000070       0x58 MCAL/DIO/DIO_Source/DIO.o
 .debug_aranges
                0x000000c8       0x30 MCAL/PWM/PWM.o
 .debug_aranges
                0x000000f8       0x40 MCAL/SPI/SPI.o
 .debug_aranges
                0x00000138       0xc0 MCAL/TIMER/TIMER.o
 .debug_aranges
                0x000001f8       0x20 Transmitter ECU.o

.debug_pubnames
 *(.debug_pubnames)

.debug_info     0x00000000     0x1573
 *(.debug_info .gnu.linkonce.wi.*)
 .debug_info    0x00000000      0x37a HAL/MOTOR/Motor.o
 .debug_info    0x0000037a      0x183 MCAL/DIO/DIO_Config/DIO_Config.o
 .debug_info    0x000004fd      0x3dc MCAL/DIO/DIO_Source/DIO.o
 .debug_info    0x000008d9      0x2ae MCAL/PWM/PWM.o
 .debug_info    0x00000b87      0x197 MCAL/SPI/SPI.o
 .debug_info    0x00000d1e      0x575 MCAL/TIMER/TIMER.o
 .debug_info    0x00001293      0x2e0 Transmitter ECU.o

.debug_abbrev   0x00000000      0x705
 *(.debug_abbrev)
 .debug_abbrev  0x00000000       0xdf HAL/MOTOR/Motor.o
 .debug_abbrev  0x000000df       0x95 MCAL/DIO/DIO_Config/DIO_Config.o
 .debug_abbrev  0x00000174      0x141 MCAL/DIO/DIO_Source/DIO.o
 .debug_abbrev  0x000002b5       0xe3 MCAL/PWM/PWM.o
 .debug_abbrev  0x00000398       0xf2 MCAL/SPI/SPI.o
 .debug_abbrev  0x0000048a      0x191 MCAL/TIMER/TIMER.o
 .debug_abbrev  0x0000061b       0xea Transmitter ECU.o

.debug_line     0x00000000      0x937
 *(.debug_line .debug_line.* .debug_line_end)
 .debug_line    0x00000000      0x1ae HAL/MOTOR/Motor.o
 .debug_line    0x000001ae       0xef MCAL/DIO/DIO_Config/DIO_Config.o
 .debug_line    0x0000029d      0x18f MCAL/DIO/DIO_Source/DIO.o
 .debug_line    0x0000042c       0xb3 MCAL/PWM/PWM.o
 .debug_line    0x000004df       0xdc MCAL/SPI/SPI.o
 .debug_line    0x000005bb      0x26c MCAL/TIMER/TIMER.o
 .debug_line    0x00000827      0x110 Transmitter ECU.o

.debug_frame    0x00000000      0x518
 *(.debug_frame)
 .debug_frame   0x00000000       0xa4 HAL/MOTOR/Motor.o
 .debug_frame   0x000000a4       0xa4 MCAL/DIO/DIO_Source/DIO.o
 .debug_frame   0x00000148       0x44 MCAL/PWM/PWM.o
 .debug_frame   0x0000018c       0x8c MCAL/SPI/SPI.o
 .debug_frame   0x00000218      0x2dc MCAL/TIMER/TIMER.o
 .debug_frame   0x000004f4       0x24 Transmitter ECU.o

.debug_str      0x00000000      0x851
 *(.debug_str)
 .debug_str     0x00000000      0x294 HAL/MOTOR/Motor.o
                                0x2c1 (size before relaxing)
 .debug_str     0x00000294       0x9c MCAL/DIO/DIO_Config/DIO_Config.o
                                0x246 (size before relaxing)
 .debug_str     0x00000330       0x7e MCAL/DIO/DIO_Source/DIO.o
                                0x2d1 (size before relaxing)
 .debug_str     0x000003ae      0x19d MCAL/PWM/PWM.o
                                0x320 (size before relaxing)
 .debug_str     0x0000054b       0x77 MCAL/SPI/SPI.o
                                0x1c9 (size before relaxing)
 .debug_str     0x000005c2      0x226 MCAL/TIMER/TIMER.o
                                0x4e8 (size before relaxing)
 .debug_str     0x000007e8       0x69 Transmitter ECU.o
                                0x2d3 (size before relaxing)

.debug_loc      0x00000000      0xd99
 *(.debug_loc)
 .debug_loc     0x00000000       0xde HAL/MOTOR/Motor.o
 .debug_loc     0x000000de      0x1b8 MCAL/DIO/DIO_Source/DIO.o
 .debug_loc     0x00000296       0x79 MCAL/PWM/PWM.o
 .debug_loc     0x0000030f      0x138 MCAL/SPI/SPI.o
 .debug_loc     0x00000447      0x82a MCAL/TIMER/TIMER.o
 .debug_loc     0x00000c71      0x128 Transmitter ECU.o

.debug_macinfo
 *(.debug_macinfo)

.debug_weaknames
 *(.debug_weaknames)

.debug_funcnames
 *(.debug_funcnames)

.debug_typenames
 *(.debug_typenames)

.debug_varnames
 *(.debug_varnames)

.debug_pubtypes
 *(.debug_pubtypes)

.debug_ranges   0x00000000      0x1a0
 *(.debug_ranges)
 .debug_ranges  0x00000000       0x48 HAL/MOTOR/Motor.o
 .debug_ranges  0x00000048       0x48 MCAL/DIO/DIO_Source/DIO.o
 .debug_ranges  0x00000090       0x20 MCAL/PWM/PWM.o
 .debug_ranges  0x000000b0       0x30 MCAL/SPI/SPI.o
 .debug_ranges  0x000000e0       0xb0 MCAL/TIMER/TIMER.o
 .debug_ranges  0x00000190       0x10 Transmitter ECU.o

.debug_macro
 *(.debug_macro)
OUTPUT(Transmitter ECU.elf elf32-avr)
LOAD linker stubs
