Archive member included because of file (symbol)

c:/program files (x86)/atmel/atmel toolchain/avr8 gcc/native/3.4.1061/avr8-gnu-toolchain/bin/../lib/gcc/avr/4.8.1/avr5\libgcc.a(_divmodhi4.o)
                              MCAL/PWM/PWM.o (__divmodhi4)
c:/program files (x86)/atmel/atmel toolchain/avr8 gcc/native/3.4.1061/avr8-gnu-toolchain/bin/../lib/gcc/avr/4.8.1/avr5\libgcc.a(_udivmodsi4.o)
                              MCAL/USART/USART.o (__udivmodsi4)
c:/program files (x86)/atmel/atmel toolchain/avr8 gcc/native/3.4.1061/avr8-gnu-toolchain/bin/../lib/gcc/avr/4.8.1/avr5\libgcc.a(_exit.o)
                              c:/program files (x86)/atmel/atmel toolchain/avr8 gcc/native/3.4.1061/avr8-gnu-toolchain/bin/../lib/gcc/avr/4.8.1/../../../../avr/lib/avr5/crtm32.o (exit)
c:/program files (x86)/atmel/atmel toolchain/avr8 gcc/native/3.4.1061/avr8-gnu-toolchain/bin/../lib/gcc/avr/4.8.1/avr5\libgcc.a(_tablejump.o)
                              MCAL/TIMER/TIMER.o (__tablejump2__)
c:/program files (x86)/atmel/atmel toolchain/avr8 gcc/native/3.4.1061/avr8-gnu-toolchain/bin/../lib/gcc/avr/4.8.1/avr5\libgcc.a(_copy_data.o)
                              MCAL/DIO/DIO_Config/DIO_Config.o (__do_copy_data)
c:/program files (x86)/atmel/atmel toolchain/avr8 gcc/native/3.4.1061/avr8-gnu-toolchain/bin/../lib/gcc/avr/4.8.1/avr5\libgcc.a(_clear_bss.o)
                              MCAL/TIMER/TIMER.o (__do_clear_bss)
c:/program files (x86)/atmel/atmel toolchain/avr8 gcc/native/3.4.1061/avr8-gnu-toolchain/bin/../lib/gcc/avr/4.8.1/avr5\libgcc.a(_udivmodhi4.o)
                              c:/program files (x86)/atmel/atmel toolchain/avr8 gcc/native/3.4.1061/avr8-gnu-toolchain/bin/../lib/gcc/avr/4.8.1/avr5\libgcc.a(_divmodhi4.o) (__udivmodhi4)

Allocating common symbols
Common symbol       size              file

call_back_fun5      0x2               MCAL/TIMER/TIMER.o
call_back_fun2      0x2               MCAL/TIMER/TIMER.o
call_back_fun1      0x2               MCAL/TIMER/TIMER.o
call_back_fun3      0x2               MCAL/TIMER/TIMER.o
call_back_fun4      0x2               MCAL/TIMER/TIMER.o

Discarded input sections

 .data          0x00000000        0x0 c:/program files (x86)/atmel/atmel toolchain/avr8 gcc/native/3.4.1061/avr8-gnu-toolchain/bin/../lib/gcc/avr/4.8.1/../../../../avr/lib/avr5/crtm32.o
 .bss           0x00000000        0x0 c:/program files (x86)/atmel/atmel toolchain/avr8 gcc/native/3.4.1061/avr8-gnu-toolchain/bin/../lib/gcc/avr/4.8.1/../../../../avr/lib/avr5/crtm32.o
 .text          0x00000000        0x0 HAL/HC-06 Bluetooth Module/HC06_BLUETOOTH_MODULE.o
 .data          0x00000000        0x0 HAL/HC-06 Bluetooth Module/HC06_BLUETOOTH_MODULE.o
 .bss           0x00000000        0x0 HAL/HC-06 Bluetooth Module/HC06_BLUETOOTH_MODULE.o
 .text.Bluetooth_Send
                0x00000000        0x6 HAL/HC-06 Bluetooth Module/HC06_BLUETOOTH_MODULE.o
 .text          0x00000000        0x0 HAL/LCD/LCD.o
 .data          0x00000000        0x0 HAL/LCD/LCD.o
 .bss           0x00000000        0x0 HAL/LCD/LCD.o
 .text.LCD_vShift_Cursor_Right
                0x00000000        0x8 HAL/LCD/LCD.o
 .text.LCD_vShift_Cursor_Left
                0x00000000        0x8 HAL/LCD/LCD.o
 .text          0x00000000        0x0 HAL/MOTOR/MOTOR.o
 .data          0x00000000        0x0 HAL/MOTOR/MOTOR.o
 .bss           0x00000000        0x0 HAL/MOTOR/MOTOR.o
 .text.Motor_Init
                0x00000000        0xe HAL/MOTOR/MOTOR.o
 .text.Motor_move_forward
                0x00000000       0x1a HAL/MOTOR/MOTOR.o
 .text.Motor_move_backward
                0x00000000       0x1a HAL/MOTOR/MOTOR.o
 .text.Motor_set_speed_left
                0x00000000        0x8 HAL/MOTOR/MOTOR.o
 .text.Motor_set_speed_right
                0x00000000        0x8 HAL/MOTOR/MOTOR.o
 .text.Motor_move_right
                0x00000000       0x14 HAL/MOTOR/MOTOR.o
 .text.Motor_move_left
                0x00000000       0x14 HAL/MOTOR/MOTOR.o
 .text.Motor_stop
                0x00000000        0xe HAL/MOTOR/MOTOR.o
 .debug_info    0x00000000      0x36d HAL/MOTOR/MOTOR.o
 .debug_abbrev  0x00000000       0xdf HAL/MOTOR/MOTOR.o
 .debug_loc     0x00000000       0xde HAL/MOTOR/MOTOR.o
 .debug_aranges
                0x00000000       0x58 HAL/MOTOR/MOTOR.o
 .debug_ranges  0x00000000       0x48 HAL/MOTOR/MOTOR.o
 .debug_line    0x00000000      0x1ae HAL/MOTOR/MOTOR.o
 .debug_str     0x00000000      0x2c9 HAL/MOTOR/MOTOR.o
 .comment       0x00000000       0x31 HAL/MOTOR/MOTOR.o
 .debug_frame   0x00000000       0xa4 HAL/MOTOR/MOTOR.o
 .text          0x00000000        0x0 MCAL/DIO/DIO_Config/DIO_Config.o
 .data          0x00000000        0x0 MCAL/DIO/DIO_Config/DIO_Config.o
 .bss           0x00000000        0x0 MCAL/DIO/DIO_Config/DIO_Config.o
 .text          0x00000000        0x0 MCAL/DIO/DIO_Source/DIO.o
 .data          0x00000000        0x0 MCAL/DIO/DIO_Source/DIO.o
 .bss           0x00000000        0x0 MCAL/DIO/DIO_Source/DIO.o
 .text.DIO_read
                0x00000000       0xd2 MCAL/DIO/DIO_Source/DIO.o
 .text.DIO_Set_Channel
                0x00000000       0x90 MCAL/DIO/DIO_Source/DIO.o
 .text.DIO_Clr_Channel
                0x00000000       0x98 MCAL/DIO/DIO_Source/DIO.o
 .text.DIO_Tog_Channel
                0x00000000       0x90 MCAL/DIO/DIO_Source/DIO.o
 .text.DIO_u8ReadPin
                0x00000000       0x28 MCAL/DIO/DIO_Source/DIO.o
 .text.DIO_u8ReadPort
                0x00000000        0x8 MCAL/DIO/DIO_Source/DIO.o
 .text.DIO_vToggPin
                0x00000000       0x1e MCAL/DIO/DIO_Source/DIO.o
 .text.DIO_vToggPort
                0x00000000        0xc MCAL/DIO/DIO_Source/DIO.o
 .text          0x00000000        0x0 MCAL/PWM/PWM.o
 .data          0x00000000        0x0 MCAL/PWM/PWM.o
 .bss           0x00000000        0x0 MCAL/PWM/PWM.o
 .text.PWM_init
                0x00000000       0x42 MCAL/PWM/PWM.o
 .text.PWM_SetDutyValue
                0x00000000       0x12 MCAL/PWM/PWM.o
 .text.PWM_SetDutyCycle
                0x00000000       0x24 MCAL/PWM/PWM.o
 .debug_info    0x00000000      0x2ae MCAL/PWM/PWM.o
 .debug_abbrev  0x00000000       0xe3 MCAL/PWM/PWM.o
 .debug_loc     0x00000000       0x79 MCAL/PWM/PWM.o
 .debug_aranges
                0x00000000       0x30 MCAL/PWM/PWM.o
 .debug_ranges  0x00000000       0x20 MCAL/PWM/PWM.o
 .debug_line    0x00000000       0xb3 MCAL/PWM/PWM.o
 .debug_str     0x00000000      0x31a MCAL/PWM/PWM.o
 .comment       0x00000000       0x31 MCAL/PWM/PWM.o
 .debug_frame   0x00000000       0x44 MCAL/PWM/PWM.o
 .text          0x00000000        0x0 MCAL/SPI/SPI.o
 .data          0x00000000        0x0 MCAL/SPI/SPI.o
 .bss           0x00000000        0x0 MCAL/SPI/SPI.o
 .text.SPI_Read_Data
                0x00000000        0xc MCAL/SPI/SPI.o
 .text.SPI_Send_String
                0x00000000       0x1e MCAL/SPI/SPI.o
 .text.SPI_Read_String
                0x00000000       0x3e MCAL/SPI/SPI.o
 .text          0x00000000        0x0 MCAL/TIMER/TIMER.o
 .data          0x00000000        0x0 MCAL/TIMER/TIMER.o
 .bss           0x00000000        0x0 MCAL/TIMER/TIMER.o
 .text.Timer_Set_Mode
                0x00000000       0x9a MCAL/TIMER/TIMER.o
 .text.Timer_Set_COM
                0x00000000       0xa6 MCAL/TIMER/TIMER.o
 .text.Timer_Set_Prescaler
                0x00000000      0x178 MCAL/TIMER/TIMER.o
 .progmem.gcc_sw_table.Timer_Set_Prescaler
                0x00000000       0x24 MCAL/TIMER/TIMER.o
 .text.Timer_init
                0x00000000       0x28 MCAL/TIMER/TIMER.o
 .text.Timer_SetTimerStartValue
                0x00000000       0x12 MCAL/TIMER/TIMER.o
 .text.Timer_GetTimerCounts
                0x00000000       0x16 MCAL/TIMER/TIMER.o
 .text.Timer_Enable_Int
                0x00000000       0x44 MCAL/TIMER/TIMER.o
 .text.Timer_Disable_Int
                0x00000000       0x3e MCAL/TIMER/TIMER.o
 .text.Timer_SetCallBack
                0x00000000       0x42 MCAL/TIMER/TIMER.o
 .text.Timer_Disable
                0x00000000       0x12 MCAL/TIMER/TIMER.o
 .text.Timer1_CaptureOn_RisingEdge
                0x00000000       0x1c MCAL/TIMER/TIMER.o
 .text.Timer1_CaptureOn_FallingEdge
                0x00000000       0x1c MCAL/TIMER/TIMER.o
 .text.Timer1_Read_InputCaptureFlag
                0x00000000        0xa MCAL/TIMER/TIMER.o
 .text.Timer1_SetCallBack_OverFlag
                0x00000000        0xa MCAL/TIMER/TIMER.o
 .text.Timer1_Enable_Overflow_Int
                0x00000000        0x8 MCAL/TIMER/TIMER.o
 .text.Timer1_Enable_Normal_operation
                0x00000000        0x4 MCAL/TIMER/TIMER.o
 .text          0x00000000        0x0 MCAL/USART/USART.o
 .data          0x00000000        0x0 MCAL/USART/USART.o
 .bss           0x00000000        0x0 MCAL/USART/USART.o
 .text.USART_Rx_Error_Detection
                0x00000000       0x30 MCAL/USART/USART.o
 .text.USART_Receive_9bit
                0x00000000       0x14 MCAL/USART/USART.o
 .text.USART_Transmit
                0x00000000        0x8 MCAL/USART/USART.o
 .text.USART_Transmit_9Bit
                0x00000000        0xc MCAL/USART/USART.o
 .text.USART_Transmit_String
                0x00000000       0x2a MCAL/USART/USART.o
 .text.USART_Disable
                0x00000000        0x6 MCAL/USART/USART.o
 .text          0x00000000        0x0 Receiver ECU.o
 .data          0x00000000        0x0 Receiver ECU.o
 .bss           0x00000000        0x0 Receiver ECU.o
 .text          0x00000000        0x0 c:/program files (x86)/atmel/atmel toolchain/avr8 gcc/native/3.4.1061/avr8-gnu-toolchain/bin/../lib/gcc/avr/4.8.1/avr5\libgcc.a(_divmodhi4.o)
 .data          0x00000000        0x0 c:/program files (x86)/atmel/atmel toolchain/avr8 gcc/native/3.4.1061/avr8-gnu-toolchain/bin/../lib/gcc/avr/4.8.1/avr5\libgcc.a(_divmodhi4.o)
 .bss           0x00000000        0x0 c:/program files (x86)/atmel/atmel toolchain/avr8 gcc/native/3.4.1061/avr8-gnu-toolchain/bin/../lib/gcc/avr/4.8.1/avr5\libgcc.a(_divmodhi4.o)
 .text.libgcc.mul
                0x00000000        0x0 c:/program files (x86)/atmel/atmel toolchain/avr8 gcc/native/3.4.1061/avr8-gnu-toolchain/bin/../lib/gcc/avr/4.8.1/avr5\libgcc.a(_divmodhi4.o)
 .text.libgcc.div
                0x00000000       0x28 c:/program files (x86)/atmel/atmel toolchain/avr8 gcc/native/3.4.1061/avr8-gnu-toolchain/bin/../lib/gcc/avr/4.8.1/avr5\libgcc.a(_divmodhi4.o)
 .text.libgcc   0x00000000        0x0 c:/program files (x86)/atmel/atmel toolchain/avr8 gcc/native/3.4.1061/avr8-gnu-toolchain/bin/../lib/gcc/avr/4.8.1/avr5\libgcc.a(_divmodhi4.o)
 .text.libgcc.prologue
                0x00000000        0x0 c:/program files (x86)/atmel/atmel toolchain/avr8 gcc/native/3.4.1061/avr8-gnu-toolchain/bin/../lib/gcc/avr/4.8.1/avr5\libgcc.a(_divmodhi4.o)
 .text.libgcc.builtins
                0x00000000        0x0 c:/program files (x86)/atmel/atmel toolchain/avr8 gcc/native/3.4.1061/avr8-gnu-toolchain/bin/../lib/gcc/avr/4.8.1/avr5\libgcc.a(_divmodhi4.o)
 .text.libgcc.fmul
                0x00000000        0x0 c:/program files (x86)/atmel/atmel toolchain/avr8 gcc/native/3.4.1061/avr8-gnu-toolchain/bin/../lib/gcc/avr/4.8.1/avr5\libgcc.a(_divmodhi4.o)
 .text.libgcc.fixed
                0x00000000        0x0 c:/program files (x86)/atmel/atmel toolchain/avr8 gcc/native/3.4.1061/avr8-gnu-toolchain/bin/../lib/gcc/avr/4.8.1/avr5\libgcc.a(_divmodhi4.o)
 .text          0x00000000        0x0 c:/program files (x86)/atmel/atmel toolchain/avr8 gcc/native/3.4.1061/avr8-gnu-toolchain/bin/../lib/gcc/avr/4.8.1/avr5\libgcc.a(_udivmodsi4.o)
 .data          0x00000000        0x0 c:/program files (x86)/atmel/atmel toolchain/avr8 gcc/native/3.4.1061/avr8-gnu-toolchain/bin/../lib/gcc/avr/4.8.1/avr5\libgcc.a(_udivmodsi4.o)
 .bss           0x00000000        0x0 c:/program files (x86)/atmel/atmel toolchain/avr8 gcc/native/3.4.1061/avr8-gnu-toolchain/bin/../lib/gcc/avr/4.8.1/avr5\libgcc.a(_udivmodsi4.o)
 .text.libgcc.mul
                0x00000000        0x0 c:/program files (x86)/atmel/atmel toolchain/avr8 gcc/native/3.4.1061/avr8-gnu-toolchain/bin/../lib/gcc/avr/4.8.1/avr5\libgcc.a(_udivmodsi4.o)
 .text.libgcc   0x00000000        0x0 c:/program files (x86)/atmel/atmel toolchain/avr8 gcc/native/3.4.1061/avr8-gnu-toolchain/bin/../lib/gcc/avr/4.8.1/avr5\libgcc.a(_udivmodsi4.o)
 .text.libgcc.prologue
                0x00000000        0x0 c:/program files (x86)/atmel/atmel toolchain/avr8 gcc/native/3.4.1061/avr8-gnu-toolchain/bin/../lib/gcc/avr/4.8.1/avr5\libgcc.a(_udivmodsi4.o)
 .text.libgcc.builtins
                0x00000000        0x0 c:/program files (x86)/atmel/atmel toolchain/avr8 gcc/native/3.4.1061/avr8-gnu-toolchain/bin/../lib/gcc/avr/4.8.1/avr5\libgcc.a(_udivmodsi4.o)
 .text.libgcc.fmul
                0x00000000        0x0 c:/program files (x86)/atmel/atmel toolchain/avr8 gcc/native/3.4.1061/avr8-gnu-toolchain/bin/../lib/gcc/avr/4.8.1/avr5\libgcc.a(_udivmodsi4.o)
 .text.libgcc.fixed
                0x00000000        0x0 c:/program files (x86)/atmel/atmel toolchain/avr8 gcc/native/3.4.1061/avr8-gnu-toolchain/bin/../lib/gcc/avr/4.8.1/avr5\libgcc.a(_udivmodsi4.o)
 .text          0x00000000        0x0 c:/program files (x86)/atmel/atmel toolchain/avr8 gcc/native/3.4.1061/avr8-gnu-toolchain/bin/../lib/gcc/avr/4.8.1/avr5\libgcc.a(_exit.o)
 .data          0x00000000        0x0 c:/program files (x86)/atmel/atmel toolchain/avr8 gcc/native/3.4.1061/avr8-gnu-toolchain/bin/../lib/gcc/avr/4.8.1/avr5\libgcc.a(_exit.o)
 .bss           0x00000000        0x0 c:/program files (x86)/atmel/atmel toolchain/avr8 gcc/native/3.4.1061/avr8-gnu-toolchain/bin/../lib/gcc/avr/4.8.1/avr5\libgcc.a(_exit.o)
 .text.libgcc.mul
                0x00000000        0x0 c:/program files (x86)/atmel/atmel toolchain/avr8 gcc/native/3.4.1061/avr8-gnu-toolchain/bin/../lib/gcc/avr/4.8.1/avr5\libgcc.a(_exit.o)
 .text.libgcc.div
                0x00000000        0x0 c:/program files (x86)/atmel/atmel toolchain/avr8 gcc/native/3.4.1061/avr8-gnu-toolchain/bin/../lib/gcc/avr/4.8.1/avr5\libgcc.a(_exit.o)
 .text.libgcc   0x00000000        0x0 c:/program files (x86)/atmel/atmel toolchain/avr8 gcc/native/3.4.1061/avr8-gnu-toolchain/bin/../lib/gcc/avr/4.8.1/avr5\libgcc.a(_exit.o)
 .text.libgcc.prologue
                0x00000000        0x0 c:/program files (x86)/atmel/atmel toolchain/avr8 gcc/native/3.4.1061/avr8-gnu-toolchain/bin/../lib/gcc/avr/4.8.1/avr5\libgcc.a(_exit.o)
 .text.libgcc.builtins
                0x00000000        0x0 c:/program files (x86)/atmel/atmel toolchain/avr8 gcc/native/3.4.1061/avr8-gnu-toolchain/bin/../lib/gcc/avr/4.8.1/avr5\libgcc.a(_exit.o)
 .text.libgcc.fmul
                0x00000000        0x0 c:/program files (x86)/atmel/atmel toolchain/avr8 gcc/native/3.4.1061/avr8-gnu-toolchain/bin/../lib/gcc/avr/4.8.1/avr5\libgcc.a(_exit.o)
 .text.libgcc.fixed
                0x00000000        0x0 c:/program files (x86)/atmel/atmel toolchain/avr8 gcc/native/3.4.1061/avr8-gnu-toolchain/bin/../lib/gcc/avr/4.8.1/avr5\libgcc.a(_exit.o)
 .text          0x00000000        0x0 c:/program files (x86)/atmel/atmel toolchain/avr8 gcc/native/3.4.1061/avr8-gnu-toolchain/bin/../lib/gcc/avr/4.8.1/avr5\libgcc.a(_tablejump.o)
 .data          0x00000000        0x0 c:/program files (x86)/atmel/atmel toolchain/avr8 gcc/native/3.4.1061/avr8-gnu-toolchain/bin/../lib/gcc/avr/4.8.1/avr5\libgcc.a(_tablejump.o)
 .bss           0x00000000        0x0 c:/program files (x86)/atmel/atmel toolchain/avr8 gcc/native/3.4.1061/avr8-gnu-toolchain/bin/../lib/gcc/avr/4.8.1/avr5\libgcc.a(_tablejump.o)
 .text.libgcc.mul
                0x00000000        0x0 c:/program files (x86)/atmel/atmel toolchain/avr8 gcc/native/3.4.1061/avr8-gnu-toolchain/bin/../lib/gcc/avr/4.8.1/avr5\libgcc.a(_tablejump.o)
 .text.libgcc.div
                0x00000000        0x0 c:/program files (x86)/atmel/atmel toolchain/avr8 gcc/native/3.4.1061/avr8-gnu-toolchain/bin/../lib/gcc/avr/4.8.1/avr5\libgcc.a(_tablejump.o)
 .text.libgcc.prologue
                0x00000000        0x0 c:/program files (x86)/atmel/atmel toolchain/avr8 gcc/native/3.4.1061/avr8-gnu-toolchain/bin/../lib/gcc/avr/4.8.1/avr5\libgcc.a(_tablejump.o)
 .text.libgcc.builtins
                0x00000000        0x0 c:/program files (x86)/atmel/atmel toolchain/avr8 gcc/native/3.4.1061/avr8-gnu-toolchain/bin/../lib/gcc/avr/4.8.1/avr5\libgcc.a(_tablejump.o)
 .text.libgcc.fmul
                0x00000000        0x0 c:/program files (x86)/atmel/atmel toolchain/avr8 gcc/native/3.4.1061/avr8-gnu-toolchain/bin/../lib/gcc/avr/4.8.1/avr5\libgcc.a(_tablejump.o)
 .text.libgcc.fixed
                0x00000000        0x0 c:/program files (x86)/atmel/atmel toolchain/avr8 gcc/native/3.4.1061/avr8-gnu-toolchain/bin/../lib/gcc/avr/4.8.1/avr5\libgcc.a(_tablejump.o)
 .text          0x00000000        0x0 c:/program files (x86)/atmel/atmel toolchain/avr8 gcc/native/3.4.1061/avr8-gnu-toolchain/bin/../lib/gcc/avr/4.8.1/avr5\libgcc.a(_copy_data.o)
 .data          0x00000000        0x0 c:/program files (x86)/atmel/atmel toolchain/avr8 gcc/native/3.4.1061/avr8-gnu-toolchain/bin/../lib/gcc/avr/4.8.1/avr5\libgcc.a(_copy_data.o)
 .bss           0x00000000        0x0 c:/program files (x86)/atmel/atmel toolchain/avr8 gcc/native/3.4.1061/avr8-gnu-toolchain/bin/../lib/gcc/avr/4.8.1/avr5\libgcc.a(_copy_data.o)
 .text.libgcc.mul
                0x00000000        0x0 c:/program files (x86)/atmel/atmel toolchain/avr8 gcc/native/3.4.1061/avr8-gnu-toolchain/bin/../lib/gcc/avr/4.8.1/avr5\libgcc.a(_copy_data.o)
 .text.libgcc.div
                0x00000000        0x0 c:/program files (x86)/atmel/atmel toolchain/avr8 gcc/native/3.4.1061/avr8-gnu-toolchain/bin/../lib/gcc/avr/4.8.1/avr5\libgcc.a(_copy_data.o)
 .text.libgcc   0x00000000        0x0 c:/program files (x86)/atmel/atmel toolchain/avr8 gcc/native/3.4.1061/avr8-gnu-toolchain/bin/../lib/gcc/avr/4.8.1/avr5\libgcc.a(_copy_data.o)
 .text.libgcc.prologue
                0x00000000        0x0 c:/program files (x86)/atmel/atmel toolchain/avr8 gcc/native/3.4.1061/avr8-gnu-toolchain/bin/../lib/gcc/avr/4.8.1/avr5\libgcc.a(_copy_data.o)
 .text.libgcc.builtins
                0x00000000        0x0 c:/program files (x86)/atmel/atmel toolchain/avr8 gcc/native/3.4.1061/avr8-gnu-toolchain/bin/../lib/gcc/avr/4.8.1/avr5\libgcc.a(_copy_data.o)
 .text.libgcc.fmul
                0x00000000        0x0 c:/program files (x86)/atmel/atmel toolchain/avr8 gcc/native/3.4.1061/avr8-gnu-toolchain/bin/../lib/gcc/avr/4.8.1/avr5\libgcc.a(_copy_data.o)
 .text.libgcc.fixed
                0x00000000        0x0 c:/program files (x86)/atmel/atmel toolchain/avr8 gcc/native/3.4.1061/avr8-gnu-toolchain/bin/../lib/gcc/avr/4.8.1/avr5\libgcc.a(_copy_data.o)
 .text          0x00000000        0x0 c:/program files (x86)/atmel/atmel toolchain/avr8 gcc/native/3.4.1061/avr8-gnu-toolchain/bin/../lib/gcc/avr/4.8.1/avr5\libgcc.a(_clear_bss.o)
 .data          0x00000000        0x0 c:/program files (x86)/atmel/atmel toolchain/avr8 gcc/native/3.4.1061/avr8-gnu-toolchain/bin/../lib/gcc/avr/4.8.1/avr5\libgcc.a(_clear_bss.o)
 .bss           0x00000000        0x0 c:/program files (x86)/atmel/atmel toolchain/avr8 gcc/native/3.4.1061/avr8-gnu-toolchain/bin/../lib/gcc/avr/4.8.1/avr5\libgcc.a(_clear_bss.o)
 .text.libgcc.mul
                0x00000000        0x0 c:/program files (x86)/atmel/atmel toolchain/avr8 gcc/native/3.4.1061/avr8-gnu-toolchain/bin/../lib/gcc/avr/4.8.1/avr5\libgcc.a(_clear_bss.o)
 .text.libgcc.div
                0x00000000        0x0 c:/program files (x86)/atmel/atmel toolchain/avr8 gcc/native/3.4.1061/avr8-gnu-toolchain/bin/../lib/gcc/avr/4.8.1/avr5\libgcc.a(_clear_bss.o)
 .text.libgcc   0x00000000        0x0 c:/program files (x86)/atmel/atmel toolchain/avr8 gcc/native/3.4.1061/avr8-gnu-toolchain/bin/../lib/gcc/avr/4.8.1/avr5\libgcc.a(_clear_bss.o)
 .text.libgcc.prologue
                0x00000000        0x0 c:/program files (x86)/atmel/atmel toolchain/avr8 gcc/native/3.4.1061/avr8-gnu-toolchain/bin/../lib/gcc/avr/4.8.1/avr5\libgcc.a(_clear_bss.o)
 .text.libgcc.builtins
                0x00000000        0x0 c:/program files (x86)/atmel/atmel toolchain/avr8 gcc/native/3.4.1061/avr8-gnu-toolchain/bin/../lib/gcc/avr/4.8.1/avr5\libgcc.a(_clear_bss.o)
 .text.libgcc.fmul
                0x00000000        0x0 c:/program files (x86)/atmel/atmel toolchain/avr8 gcc/native/3.4.1061/avr8-gnu-toolchain/bin/../lib/gcc/avr/4.8.1/avr5\libgcc.a(_clear_bss.o)
 .text.libgcc.fixed
                0x00000000        0x0 c:/program files (x86)/atmel/atmel toolchain/avr8 gcc/native/3.4.1061/avr8-gnu-toolchain/bin/../lib/gcc/avr/4.8.1/avr5\libgcc.a(_clear_bss.o)
 .text          0x00000000        0x0 c:/program files (x86)/atmel/atmel toolchain/avr8 gcc/native/3.4.1061/avr8-gnu-toolchain/bin/../lib/gcc/avr/4.8.1/avr5\libgcc.a(_udivmodhi4.o)
 .data          0x00000000        0x0 c:/program files (x86)/atmel/atmel toolchain/avr8 gcc/native/3.4.1061/avr8-gnu-toolchain/bin/../lib/gcc/avr/4.8.1/avr5\libgcc.a(_udivmodhi4.o)
 .bss           0x00000000        0x0 c:/program files (x86)/atmel/atmel toolchain/avr8 gcc/native/3.4.1061/avr8-gnu-toolchain/bin/../lib/gcc/avr/4.8.1/avr5\libgcc.a(_udivmodhi4.o)
 .text.libgcc.mul
                0x00000000        0x0 c:/program files (x86)/atmel/atmel toolchain/avr8 gcc/native/3.4.1061/avr8-gnu-toolchain/bin/../lib/gcc/avr/4.8.1/avr5\libgcc.a(_udivmodhi4.o)
 .text.libgcc.div
                0x00000000       0x28 c:/program files (x86)/atmel/atmel toolchain/avr8 gcc/native/3.4.1061/avr8-gnu-toolchain/bin/../lib/gcc/avr/4.8.1/avr5\libgcc.a(_udivmodhi4.o)
 .text.libgcc   0x00000000        0x0 c:/program files (x86)/atmel/atmel toolchain/avr8 gcc/native/3.4.1061/avr8-gnu-toolchain/bin/../lib/gcc/avr/4.8.1/avr5\libgcc.a(_udivmodhi4.o)
 .text.libgcc.prologue
                0x00000000        0x0 c:/program files (x86)/atmel/atmel toolchain/avr8 gcc/native/3.4.1061/avr8-gnu-toolchain/bin/../lib/gcc/avr/4.8.1/avr5\libgcc.a(_udivmodhi4.o)
 .text.libgcc.builtins
                0x00000000        0x0 c:/program files (x86)/atmel/atmel toolchain/avr8 gcc/native/3.4.1061/avr8-gnu-toolchain/bin/../lib/gcc/avr/4.8.1/avr5\libgcc.a(_udivmodhi4.o)
 .text.libgcc.fmul
                0x00000000        0x0 c:/program files (x86)/atmel/atmel toolchain/avr8 gcc/native/3.4.1061/avr8-gnu-toolchain/bin/../lib/gcc/avr/4.8.1/avr5\libgcc.a(_udivmodhi4.o)
 .text.libgcc.fixed
                0x00000000        0x0 c:/program files (x86)/atmel/atmel toolchain/avr8 gcc/native/3.4.1061/avr8-gnu-toolchain/bin/../lib/gcc/avr/4.8.1/avr5\libgcc.a(_udivmodhi4.o)

Memory Configuration

Name             Origin             Length             Attributes
text             0x00000000         0x00020000         xr
data             0x00800060         0x0000ffa0         rw !x
eeprom           0x00810000         0x00010000         rw !x
fuse             0x00820000         0x00000400         rw !x
lock             0x00830000         0x00000400         rw !x
signature        0x00840000         0x00000400         rw !x
user_signatures  0x00850000         0x00000400         rw !x
*default*        0x00000000         0xffffffff

Linker script and memory map

LOAD c:/program files (x86)/atmel/atmel toolchain/avr8 gcc/native/3.4.1061/avr8-gnu-toolchain/bin/../lib/gcc/avr/4.8.1/../../../../avr/lib/avr5/crtm32.o
LOAD HAL/HC-06 Bluetooth Module/HC06_BLUETOOTH_MODULE.o
LOAD HAL/LCD/LCD.o
LOAD HAL/MOTOR/MOTOR.o
LOAD MCAL/DIO/DIO_Config/DIO_Config.o
LOAD MCAL/DIO/DIO_Source/DIO.o
LOAD MCAL/PWM/PWM.o
LOAD MCAL/SPI/SPI.o
LOAD MCAL/TIMER/TIMER.o
LOAD MCAL/USART/USART.o
LOAD Receiver ECU.o
START GROUP
LOAD c:/program files (x86)/atmel/atmel toolchain/avr8 gcc/native/3.4.1061/avr8-gnu-toolchain/bin/../lib/gcc/avr/4.8.1/../../../../avr/lib/avr5\libm.a
END GROUP
START GROUP
LOAD c:/program files (x86)/atmel/atmel toolchain/avr8 gcc/native/3.4.1061/avr8-gnu-toolchain/bin/../lib/gcc/avr/4.8.1/avr5\libgcc.a
LOAD c:/program files (x86)/atmel/atmel toolchain/avr8 gcc/native/3.4.1061/avr8-gnu-toolchain/bin/../lib/gcc/avr/4.8.1/../../../../avr/lib/avr5\libm.a
LOAD c:/program files (x86)/atmel/atmel toolchain/avr8 gcc/native/3.4.1061/avr8-gnu-toolchain/bin/../lib/gcc/avr/4.8.1/../../../../avr/lib/avr5\libc.a
END GROUP

.hash
 *(.hash)

.dynsym
 *(.dynsym)

.dynstr
 *(.dynstr)

.gnu.version
 *(.gnu.version)

.gnu.version_d
 *(.gnu.version_d)

.gnu.version_r
 *(.gnu.version_r)

.rel.init
 *(.rel.init)

.rela.init
 *(.rela.init)

.rel.text
 *(.rel.text)
 *(.rel.text.*)
 *(.rel.gnu.linkonce.t*)

.rela.text
 *(.rela.text)
 *(.rela.text.*)
 *(.rela.gnu.linkonce.t*)

.rel.fini
 *(.rel.fini)

.rela.fini
 *(.rela.fini)

.rel.rodata
 *(.rel.rodata)
 *(.rel.rodata.*)
 *(.rel.gnu.linkonce.r*)

.rela.rodata
 *(.rela.rodata)
 *(.rela.rodata.*)
 *(.rela.gnu.linkonce.r*)

.rel.data
 *(.rel.data)
 *(.rel.data.*)
 *(.rel.gnu.linkonce.d*)

.rela.data
 *(.rela.data)
 *(.rela.data.*)
 *(.rela.gnu.linkonce.d*)

.rel.ctors
 *(.rel.ctors)

.rela.ctors
 *(.rela.ctors)

.rel.dtors
 *(.rel.dtors)

.rela.dtors
 *(.rela.dtors)

.rel.got
 *(.rel.got)

.rela.got
 *(.rela.got)

.rel.bss
 *(.rel.bss)

.rela.bss
 *(.rela.bss)

.rel.plt
 *(.rel.plt)

.rela.plt
 *(.rela.plt)

.text           0x00000000      0xb3e
 *(.vectors)
 .vectors       0x00000000       0x54 c:/program files (x86)/atmel/atmel toolchain/avr8 gcc/native/3.4.1061/avr8-gnu-toolchain/bin/../lib/gcc/avr/4.8.1/../../../../avr/lib/avr5/crtm32.o
                0x00000000                __vector_default
                0x00000000                __vectors
 *(.vectors)
 *(.progmem.gcc*)
 .progmem.gcc_sw_table.main
                0x00000054        0xe Receiver ECU.o
                0x00000062                . = ALIGN (0x2)
                0x00000062                __trampolines_start = .
 *(.trampolines)
 .trampolines   0x00000062        0x0 linker stubs
 *(.trampolines*)
                0x00000062                __trampolines_end = .
 *(.progmem*)
                0x00000062                . = ALIGN (0x2)
 *(.jumptables)
 *(.jumptables*)
 *(.lowtext)
 *(.lowtext*)
                0x00000062                __ctors_start = .
 *(.ctors)
                0x00000062                __ctors_end = .
                0x00000062                __dtors_start = .
 *(.dtors)
                0x00000062                __dtors_end = .
 SORT(*)(.ctors)
 SORT(*)(.dtors)
 *(.init0)
 .init0         0x00000062        0x0 c:/program files (x86)/atmel/atmel toolchain/avr8 gcc/native/3.4.1061/avr8-gnu-toolchain/bin/../lib/gcc/avr/4.8.1/../../../../avr/lib/avr5/crtm32.o
                0x00000062                __init
 *(.init0)
 *(.init1)
 *(.init1)
 *(.init2)
 .init2         0x00000062        0xc c:/program files (x86)/atmel/atmel toolchain/avr8 gcc/native/3.4.1061/avr8-gnu-toolchain/bin/../lib/gcc/avr/4.8.1/../../../../avr/lib/avr5/crtm32.o
 *(.init2)
 *(.init3)
 *(.init3)
 *(.init4)
 .init4         0x0000006e       0x16 c:/program files (x86)/atmel/atmel toolchain/avr8 gcc/native/3.4.1061/avr8-gnu-toolchain/bin/../lib/gcc/avr/4.8.1/avr5\libgcc.a(_copy_data.o)
                0x0000006e                __do_copy_data
 .init4         0x00000084       0x10 c:/program files (x86)/atmel/atmel toolchain/avr8 gcc/native/3.4.1061/avr8-gnu-toolchain/bin/../lib/gcc/avr/4.8.1/avr5\libgcc.a(_clear_bss.o)
                0x00000084                __do_clear_bss
 *(.init4)
 *(.init5)
 *(.init5)
 *(.init6)
 *(.init6)
 *(.init7)
 *(.init7)
 *(.init8)
 *(.init8)
 *(.init9)
 .init9         0x00000094        0x8 c:/program files (x86)/atmel/atmel toolchain/avr8 gcc/native/3.4.1061/avr8-gnu-toolchain/bin/../lib/gcc/avr/4.8.1/../../../../avr/lib/avr5/crtm32.o
 *(.init9)
 *(.text)
 .text          0x0000009c        0x4 c:/program files (x86)/atmel/atmel toolchain/avr8 gcc/native/3.4.1061/avr8-gnu-toolchain/bin/../lib/gcc/avr/4.8.1/../../../../avr/lib/avr5/crtm32.o
                0x0000009c                __vector_1
                0x0000009c                __vector_12
                0x0000009c                __bad_interrupt
                0x0000009c                __vector_6
                0x0000009c                __vector_3
                0x0000009c                __vector_13
                0x0000009c                __vector_17
                0x0000009c                __vector_19
                0x0000009c                __vector_7
                0x0000009c                __vector_2
                0x0000009c                __vector_15
                0x0000009c                __vector_8
                0x0000009c                __vector_14
                0x0000009c                __vector_16
                0x0000009c                __vector_18
                0x0000009c                __vector_20
                0x000000a0                . = ALIGN (0x2)
 *(.text.*)
 .text.Bluetooth_Init
                0x000000a0       0x62 HAL/HC-06 Bluetooth Module/HC06_BLUETOOTH_MODULE.o
                0x000000a0                Bluetooth_Init
 .text.Bluetooth_Read
                0x00000102        0x6 HAL/HC-06 Bluetooth Module/HC06_BLUETOOTH_MODULE.o
                0x00000102                Bluetooth_Read
 .text.LCD_vEnable
                0x00000108       0x2e HAL/LCD/LCD.o
                0x00000108                LCD_vEnable
 .text.LCD_Send_cmd
                0x00000136       0x18 HAL/LCD/LCD.o
                0x00000136                LCD_Send_cmd
 .text.LCD_vInit
                0x0000014e       0x50 HAL/LCD/LCD.o
                0x0000014e                LCD_vInit
 .text.LCD_vWrite_char
                0x0000019e       0x18 HAL/LCD/LCD.o
                0x0000019e                LCD_vWrite_char
 .text.LCD_vWrite_string
                0x000001b6       0x2a HAL/LCD/LCD.o
                0x000001b6                LCD_vWrite_string
 .text.LCD_vClear_Display
                0x000001e0        0x8 HAL/LCD/LCD.o
                0x000001e0                LCD_vClear_Display
 .text.LCD_vCursor_SecondLine
                0x000001e8        0x8 HAL/LCD/LCD.o
                0x000001e8                LCD_vCursor_SecondLine
 .text.DIO_set_dir
                0x000001f0      0x112 MCAL/DIO/DIO_Source/DIO.o
                0x000001f0                DIO_set_dir
 .text.DIO_Write
                0x00000302      0x10a MCAL/DIO/DIO_Source/DIO.o
                0x00000302                DIO_Write
 .text.DIO_pullup
                0x0000040c      0x110 MCAL/DIO/DIO_Source/DIO.o
                0x0000040c                DIO_pullup
 .text.DIO_Init
                0x0000051c       0x3c MCAL/DIO/DIO_Source/DIO.o
                0x0000051c                DIO_Init
 .text.DIO_vSetPinDir
                0x00000558       0x42 MCAL/DIO/DIO_Source/DIO.o
                0x00000558                DIO_vSetPinDir
 .text.DIO_vSetportDir
                0x0000059a       0x16 MCAL/DIO/DIO_Source/DIO.o
                0x0000059a                DIO_vSetportDir
 .text.DIO_vWritePin
                0x000005b0       0x42 MCAL/DIO/DIO_Source/DIO.o
                0x000005b0                DIO_vWritePin
 .text.DIO_vWritePort
                0x000005f2        0x8 MCAL/DIO/DIO_Source/DIO.o
                0x000005f2                DIO_vWritePort
 .text.SPI_Init
                0x000005fa       0x2c MCAL/SPI/SPI.o
                0x000005fa                SPI_Init
 .text.SPI_Send_Data
                0x00000626       0x1e MCAL/SPI/SPI.o
                0x00000626                SPI_Send_Data
 .text.__vector_10
                0x00000644       0x4e MCAL/TIMER/TIMER.o
                0x00000644                __vector_10
 .text.__vector_11
                0x00000692       0x4e MCAL/TIMER/TIMER.o
                0x00000692                __vector_11
 .text.__vector_9
                0x000006e0       0x4e MCAL/TIMER/TIMER.o
                0x000006e0                __vector_9
 .text.__vector_4
                0x0000072e       0x4e MCAL/TIMER/TIMER.o
                0x0000072e                __vector_4
 .text.__vector_5
                0x0000077c       0x4e MCAL/TIMER/TIMER.o
                0x0000077c                __vector_5
 .text.USART_Init
                0x000007ca      0x1fa MCAL/USART/USART.o
                0x000007ca                USART_Init
 .text.USART_Receive
                0x000009c4        0x8 MCAL/USART/USART.o
                0x000009c4                USART_Receive
 .text.main     0x000009cc      0x11e Receiver ECU.o
                0x000009cc                main
 .text.libgcc.div
                0x00000aea       0x44 c:/program files (x86)/atmel/atmel toolchain/avr8 gcc/native/3.4.1061/avr8-gnu-toolchain/bin/../lib/gcc/avr/4.8.1/avr5\libgcc.a(_udivmodsi4.o)
                0x00000aea                __udivmodsi4
 .text.libgcc   0x00000b2e        0xc c:/program files (x86)/atmel/atmel toolchain/avr8 gcc/native/3.4.1061/avr8-gnu-toolchain/bin/../lib/gcc/avr/4.8.1/avr5\libgcc.a(_tablejump.o)
                0x00000b2e                __tablejump2__
                0x00000b32                __tablejump__
                0x00000b3a                . = ALIGN (0x2)
 *(.fini9)
 .fini9         0x00000b3a        0x0 c:/program files (x86)/atmel/atmel toolchain/avr8 gcc/native/3.4.1061/avr8-gnu-toolchain/bin/../lib/gcc/avr/4.8.1/avr5\libgcc.a(_exit.o)
                0x00000b3a                _exit
                0x00000b3a                exit
 *(.fini9)
 *(.fini8)
 *(.fini8)
 *(.fini7)
 *(.fini7)
 *(.fini6)
 *(.fini6)
 *(.fini5)
 *(.fini5)
 *(.fini4)
 *(.fini4)
 *(.fini3)
 *(.fini3)
 *(.fini2)
 *(.fini2)
 *(.fini1)
 *(.fini1)
 *(.fini0)
 .fini0         0x00000b3a        0x4 c:/program files (x86)/atmel/atmel toolchain/avr8 gcc/native/3.4.1061/avr8-gnu-toolchain/bin/../lib/gcc/avr/4.8.1/avr5\libgcc.a(_exit.o)
 *(.fini0)
                0x00000b3e                _etext = .

.data           0x00800060       0x9e load address 0x00000b3e
                0x00800060                PROVIDE (__data_start, .)
 *(.data)
 *(.data*)
 .data.DIO_CONFIG_ARR
                0x00800060       0x23 MCAL/DIO/DIO_Config/DIO_Config.o
                0x00800060                DIO_CONFIG_ARR
 *(.rodata)
 *(.rodata*)
 .rodata.str1.1
                0x00800083       0x7a Receiver ECU.o
 *(.gnu.linkonce.d*)
                0x008000fe                . = ALIGN (0x2)
 *fill*         0x008000fd        0x1 
                0x008000fe                _edata = .
                0x008000fe                PROVIDE (__data_end, .)

.bss            0x008000fe        0xa
                0x008000fe                PROVIDE (__bss_start, .)
 *(.bss)
 *(.bss*)
 *(COMMON)
 COMMON         0x008000fe        0xa MCAL/TIMER/TIMER.o
                0x008000fe                call_back_fun5
                0x00800100                call_back_fun2
                0x00800102                call_back_fun1
                0x00800104                call_back_fun3
                0x00800106                call_back_fun4
                0x00800108                PROVIDE (__bss_end, .)
                0x00000b3e                __data_load_start = LOADADDR (.data)
                0x00000bdc                __data_load_end = (__data_load_start + SIZEOF (.data))

.noinit         0x00800108        0x0
                0x00800108                PROVIDE (__noinit_start, .)
 *(.noinit*)
                0x00800108                PROVIDE (__noinit_end, .)
                0x00800108                _end = .
                0x00800108                PROVIDE (__heap_start, .)

.eeprom         0x00810000        0x0
 *(.eeprom*)
                0x00810000                __eeprom_end = .

.fuse
 *(.fuse)
 *(.lfuse)
 *(.hfuse)
 *(.efuse)

.lock
 *(.lock*)

.signature
 *(.signature*)

.user_signatures
 *(.user_signatures*)

.stab
 *(.stab)

.stabstr
 *(.stabstr)

.stab.excl
 *(.stab.excl)

.stab.exclstr
 *(.stab.exclstr)

.stab.index
 *(.stab.index)

.stab.indexstr
 *(.stab.indexstr)

.comment        0x00000000       0x30
 *(.comment)
 .comment       0x00000000       0x30 HAL/HC-06 Bluetooth Module/HC06_BLUETOOTH_MODULE.o
                                 0x31 (size before relaxing)
 .comment       0x00000000       0x31 HAL/LCD/LCD.o
 .comment       0x00000000       0x31 MCAL/DIO/DIO_Config/DIO_Config.o
 .comment       0x00000000       0x31 MCAL/DIO/DIO_Source/DIO.o
 .comment       0x00000000       0x31 MCAL/SPI/SPI.o
 .comment       0x00000000       0x31 MCAL/TIMER/TIMER.o
 .comment       0x00000000       0x31 MCAL/USART/USART.o
 .comment       0x00000000       0x31 Receiver ECU.o

.note.gnu.build-id
 *(.note.gnu.build-id)

.debug
 *(.debug)

.line
 *(.line)

.debug_srcinfo
 *(.debug_srcinfo)

.debug_sfnames
 *(.debug_sfnames)

.debug_aranges  0x00000000      0x2b8
 *(.debug_aranges)
 .debug_aranges
                0x00000000       0x30 HAL/HC-06 Bluetooth Module/HC06_BLUETOOTH_MODULE.o
 .debug_aranges
                0x00000030       0x60 HAL/LCD/LCD.o
 .debug_aranges
                0x00000090       0x18 MCAL/DIO/DIO_Config/DIO_Config.o
 .debug_aranges
                0x000000a8       0x98 MCAL/DIO/DIO_Source/DIO.o
 .debug_aranges
                0x00000140       0x40 MCAL/SPI/SPI.o
 .debug_aranges
                0x00000180       0xc0 MCAL/TIMER/TIMER.o
 .debug_aranges
                0x00000240       0x58 MCAL/USART/USART.o
 .debug_aranges
                0x00000298       0x20 Receiver ECU.o

.debug_pubnames
 *(.debug_pubnames)

.debug_info     0x00000000     0x1f53
 *(.debug_info .gnu.linkonce.wi.*)
 .debug_info    0x00000000      0x354 HAL/HC-06 Bluetooth Module/HC06_BLUETOOTH_MODULE.o
 .debug_info    0x00000354      0x4e3 HAL/LCD/LCD.o
 .debug_info    0x00000837      0x176 MCAL/DIO/DIO_Config/DIO_Config.o
 .debug_info    0x000009ad      0x5af MCAL/DIO/DIO_Source/DIO.o
 .debug_info    0x00000f5c      0x221 MCAL/SPI/SPI.o
 .debug_info    0x0000117d      0x575 MCAL/TIMER/TIMER.o
 .debug_info    0x000016f2      0x467 MCAL/USART/USART.o
 .debug_info    0x00001b59      0x3fa Receiver ECU.o

.debug_abbrev   0x00000000      0xa26
 *(.debug_abbrev)
 .debug_abbrev  0x00000000      0x124 HAL/HC-06 Bluetooth Module/HC06_BLUETOOTH_MODULE.o
 .debug_abbrev  0x00000124      0x177 HAL/LCD/LCD.o
 .debug_abbrev  0x0000029b       0x95 MCAL/DIO/DIO_Config/DIO_Config.o
 .debug_abbrev  0x00000330      0x195 MCAL/DIO/DIO_Source/DIO.o
 .debug_abbrev  0x000004c5      0x125 MCAL/SPI/SPI.o
 .debug_abbrev  0x000005ea      0x191 MCAL/TIMER/TIMER.o
 .debug_abbrev  0x0000077b      0x13d MCAL/USART/USART.o
 .debug_abbrev  0x000008b8      0x16e Receiver ECU.o

.debug_line     0x00000000      0xda2
 *(.debug_line .debug_line.* .debug_line_end)
 .debug_line    0x00000000      0x112 HAL/HC-06 Bluetooth Module/HC06_BLUETOOTH_MODULE.o
 .debug_line    0x00000112      0x246 HAL/LCD/LCD.o
 .debug_line    0x00000358       0xef MCAL/DIO/DIO_Config/DIO_Config.o
 .debug_line    0x00000447      0x220 MCAL/DIO/DIO_Source/DIO.o
 .debug_line    0x00000667      0x145 MCAL/SPI/SPI.o
 .debug_line    0x000007ac      0x26c MCAL/TIMER/TIMER.o
 .debug_line    0x00000a18      0x176 MCAL/USART/USART.o
 .debug_line    0x00000b8e      0x214 Receiver ECU.o

.debug_frame    0x00000000      0x69c
 *(.debug_frame)
 .debug_frame   0x00000000       0x68 HAL/HC-06 Bluetooth Module/HC06_BLUETOOTH_MODULE.o
 .debug_frame   0x00000068       0xb4 HAL/LCD/LCD.o
 .debug_frame   0x0000011c      0x124 MCAL/DIO/DIO_Source/DIO.o
 .debug_frame   0x00000240       0x94 MCAL/SPI/SPI.o
 .debug_frame   0x000002d4      0x2dc MCAL/TIMER/TIMER.o
 .debug_frame   0x000005b0       0xc8 MCAL/USART/USART.o
 .debug_frame   0x00000678       0x24 Receiver ECU.o

.debug_str      0x00000000      0xcc6
 *(.debug_str)
 .debug_str     0x00000000      0x456 HAL/HC-06 Bluetooth Module/HC06_BLUETOOTH_MODULE.o
                                0x4a2 (size before relaxing)
 .debug_str     0x00000456      0x136 HAL/LCD/LCD.o
                                0x2b9 (size before relaxing)
 .debug_str     0x0000058c      0x102 MCAL/DIO/DIO_Config/DIO_Config.o
                                0x24e (size before relaxing)
 .debug_str     0x0000068e       0xf9 MCAL/DIO/DIO_Source/DIO.o
                                0x36b (size before relaxing)
 .debug_str     0x00000787       0x72 MCAL/SPI/SPI.o
                                0x23e (size before relaxing)
 .debug_str     0x000007f9      0x391 MCAL/TIMER/TIMER.o
                                0x4e2 (size before relaxing)
 .debug_str     0x00000b8a       0xf3 MCAL/USART/USART.o
                                0x53e (size before relaxing)
 .debug_str     0x00000c7d       0x49 Receiver ECU.o
                                0x2ac (size before relaxing)

.debug_loc      0x00000000     0x12b4
 *(.debug_loc)
 .debug_loc     0x00000000       0x9c HAL/HC-06 Bluetooth Module/HC06_BLUETOOTH_MODULE.o
 .debug_loc     0x0000009c       0xe9 HAL/LCD/LCD.o
 .debug_loc     0x00000185      0x3ca MCAL/DIO/DIO_Source/DIO.o
 .debug_loc     0x0000054f      0x186 MCAL/SPI/SPI.o
 .debug_loc     0x000006d5      0x82a MCAL/TIMER/TIMER.o
 .debug_loc     0x00000eff      0x193 MCAL/USART/USART.o
 .debug_loc     0x00001092      0x222 Receiver ECU.o

.debug_macinfo
 *(.debug_macinfo)

.debug_weaknames
 *(.debug_weaknames)

.debug_funcnames
 *(.debug_funcnames)

.debug_typenames
 *(.debug_typenames)

.debug_varnames
 *(.debug_varnames)

.debug_pubtypes
 *(.debug_pubtypes)

.debug_ranges   0x00000000      0x230
 *(.debug_ranges)
 .debug_ranges  0x00000000       0x20 HAL/HC-06 Bluetooth Module/HC06_BLUETOOTH_MODULE.o
 .debug_ranges  0x00000020       0x50 HAL/LCD/LCD.o
 .debug_ranges  0x00000070       0x88 MCAL/DIO/DIO_Source/DIO.o
 .debug_ranges  0x000000f8       0x30 MCAL/SPI/SPI.o
 .debug_ranges  0x00000128       0xb0 MCAL/TIMER/TIMER.o
 .debug_ranges  0x000001d8       0x48 MCAL/USART/USART.o
 .debug_ranges  0x00000220       0x10 Receiver ECU.o

.debug_macro
 *(.debug_macro)
OUTPUT(Receiver ECU.elf elf32-avr)
LOAD linker stubs
